=== Sun Jul 26 06:58:41 UTC 2026 remote test ce-drive-client ===
rustc 1.97.1 (8bab26f4f 2026-07-14)
    Updating git repository `https://github.com/ce-net/ce-drive`
    Updating git repository `https://github.com/ce-net/ce-drive-serve`
    Updating git repository `https://github.com/ce-net/ce-iam`
    Updating git repository `https://github.com/ce-net/ce`
    Updating git repository `https://github.com/ce-net/ce-rs`
    Updating git repository `https://github.com/ce-net/ce-coord`
    Updating git repository `https://github.com/ce-net/rdev`
    Updating git repository `https://github.com/ce-net/ce-secrets-rs`
    Updating crates.io index
     Locking 41 packages to latest Rust 1.97.1 compatible versions
      Adding ce-appmgr v0.1.0 (https://github.com/ce-net/ce#cf32233e)
      Adding ce-blob v0.1.0 (https://github.com/ce-net/ce#cf32233e)
      Adding ce-cap v0.1.0 (https://github.com/ce-net/ce#cf32233e)
      Adding ce-container v0.1.0 (https://github.com/ce-net/ce#cf32233e)
      Adding ce-coord v0.1.0 (https://github.com/ce-net/ce-coord#d416f189)
      Adding ce-drive-core v0.1.0 (https://github.com/ce-net/ce-drive#6ca67039)
      Adding ce-drive-serve v0.1.0 (https://github.com/ce-net/ce-drive-serve#d10a1c3a)
      Adding ce-guard v0.1.0 (https://github.com/ce-net/ce#cf32233e)
      Adding ce-iam-core v0.1.0 (https://github.com/ce-net/ce-iam#f00657db)
      Adding ce-identity v0.1.0 (https://github.com/ce-net/ce#cf32233e)
      Adding ce-lane v0.1.0 (https://github.com/ce-net/ce#cf32233e)
      Adding ce-mesh v0.1.0 (https://github.com/ce-net/ce#cf32233e)
      Adding ce-microvm v0.1.0 (https://github.com/ce-net/ce#cf32233e)
      Adding ce-node v0.1.0 (https://github.com/ce-net/ce#cf32233e)
      Adding ce-protocol v0.1.0 (https://github.com/ce-net/ce#cf32233e)
      Adding ce-reqresp v0.26.3 (https://github.com/ce-net/ce#cf32233e)
      Adding ce-rs v0.1.0 (https://github.com/ce-net/ce-rs#b22a6ed6)
      Adding ce-runtime v0.1.0 (https://github.com/ce-net/ce#cf32233e)
      Adding ce-secrets-rs v0.1.0 (https://github.com/ce-net/ce-secrets-rs#304ee9c2)
      Adding ce-tls v0.1.0 (https://github.com/ce-net/ce#cf32233e)
      Adding ce-wallet v0.1.0 (https://github.com/ce-net/ce#cf32233e)
      Adding ce-wasm v0.1.0 (https://github.com/ce-net/ce#cf32233e)
      Adding core-foundation v0.10.1
      Adding foreign-types v0.3.2
      Adding foreign-types-shared v0.1.1
      Adding hyper-tls v0.6.0
      Adding memoffset v0.9.1
      Adding native-tls v0.2.18
      Adding openssl v0.10.81
      Adding openssl-macros v0.1.1
      Adding openssl-probe v0.2.1
      Adding openssl-sys v0.9.117
      Adding rdev v0.2.1 (https://github.com/ce-net/rdev#b35dcb1e)
      Adding rlimit v0.10.2
      Adding schannel v0.1.29
      Adding security-framework v3.7.0
      Adding security-framework-sys v2.17.0
      Adding tar v0.4.46
      Adding tokio-native-tls v0.3.1
      Adding vcpkg v0.2.15
      Adding xattr v1.6.1
warning: fields `min` and `max` are never read
  --> examples/bench_drive.rs:40:5
   |
34 | struct Stat {
   |        ---- fields in this struct
...
40 |     min: f64,
   |     ^^^
41 |     max: f64,
   |     ^^^
   |
   = note: `#[warn(dead_code)]` (part of `#[warn(unused)]`) on by default

warning: `ce-drive-client` (example "bench_drive") generated 1 warning
    Finished `test` profile [unoptimized + debuginfo] target(s) in 7.98s
     Running unittests src/lib.rs (/opt/build/target-ce-drive-client/debug/deps/ce_drive_client-c1ae006bf14f5e7a)

running 11 tests
test mirror::tests::cursor_tracks_snapshot_not_max_so_gap_is_not_skipped ... ok
test mirror::tests::cursor_uses_snapshot_even_when_snapshot_is_newer ... ok
test readplan::proptests::cid_detects_tampering ... ok
test readplan::proptests::slice_range_returns_exact_window ... ok
test readplan::tests::slice_exact_base_no_len_returns_all ... ok
test readplan::tests::slice_len_overruns_clamp_to_end ... ok
test readplan::tests::slice_offset_before_base_clamps_to_base ... ok
test readplan::tests::slice_past_end_is_empty ... ok
test readplan::tests::slice_trims_to_exact_window ... ok
test readplan::tests::slice_zero_len_is_empty ... ok
test readplan::proptests::slice_range_is_total_and_in_bounds ... ok

test result: ok. 11 passed; 0 failed; 0 ignored; 0 measured; 0 filtered out; finished in 0.05s

     Running unittests src/main.rs (/opt/build/target-ce-drive-client/debug/deps/ce_drive-94db574df5d36a16)

running 0 tests

test result: ok. 0 passed; 0 failed; 0 ignored; 0 measured; 0 filtered out; finished in 0.00s

     Running tests/client_surface.rs (/opt/build/target-ce-drive-client/debug/deps/client_surface-cb60e9a4a25c7a69)

running 4 tests
test reexported_wire_types_are_usable ... ok
test client_request_encoding_is_host_decodable ... ok
test remote_drive_construction_exposes_host ... ok
test with_timeout_ms_is_chainable ... ok

test result: ok. 4 passed; 0 failed; 0 ignored; 0 measured; 0 filtered out; finished in 0.06s

     Running tests/reply_contract.rs (/opt/build/target-ce-drive-client/debug/deps/reply_contract-0ed093ea438fe968)

running 13 tests
test arbitrary_bytes_never_panic_decode_reply ... ok
test conflict_error_preserves_current_etag_for_optimistic_concurrency ... ok
test deleted_and_shared_and_changes_and_watching_round_trip ... ok
test empty_reply_bytes_error_not_panic ... ok
test every_error_variant_round_trips_with_stable_code ... ok
test list_reply_round_trips_entries_and_cursor ... ok
test made_reply_round_trips_for_mkdir_move_copy ... ok
test open_reply_round_trips_all_fields ... ok
test read_plan_reply_round_trips_chunks_and_offsets ... ok
test stat_reply_entry_round_trips ... ok
test truncated_reply_bytes_error_not_panic ... ok
test write_reply_round_trips_etag_and_version ... ok
test client_request_round_trips_for_every_op ... ok

test result: ok. 13 passed; 0 failed; 0 ignored; 0 measured; 0 filtered out; finished in 0.10s

   Doc-tests ce_drive_client

running 0 tests

test result: ok. 0 passed; 0 failed; 0 ignored; 0 measured; 0 filtered out; finished in 0.00s

result: ok. 13 passed; 0 failed; 0 ignored; 0 measured; 0 filtered out; finished in 0.10s

   Doc-tests ce_drive_client

running 0 tests

test result: ok. 0 passed; 0 failed; 0 ignored; 0 measured; 0 filtered out; finished in 0.00s

