=== Sun Jul 26 15:59:16 UTC 2026 remote test ce-drive ===
rustc 1.97.1 (8bab26f4f 2026-07-14)
    Updating git repository `https://github.com/ce-net/ce`
    Updating git repository `https://github.com/ce-net/ce-coord`
    Updating git repository `https://github.com/ce-net/ce-rs`
     Locking 7 packages to latest compatible versions
      Adding ce-cap v0.1.0 (https://github.com/ce-net/ce#8449384b)
      Adding ce-container v0.1.0 (https://github.com/ce-net/ce#8449384b)
      Adding ce-coord v0.1.0 (https://github.com/ce-net/ce-coord#d416f189)
      Adding ce-identity v0.1.0 (https://github.com/ce-net/ce#8449384b)
      Adding ce-lane v0.1.0 (https://github.com/ce-net/ce#8449384b)
      Adding ce-rs v0.1.0 (https://github.com/ce-net/ce-rs#000d3dc1)
      Adding ce-runtime v0.1.0 (https://github.com/ce-net/ce#8449384b)
   Compiling proc-macro2 v1.0.106
   Compiling unicode-ident v1.0.24
   Compiling quote v1.0.45
   Compiling syn v2.0.118
   Compiling libc v0.2.186
   Compiling cfg-if v1.0.4
   Compiling pin-project-lite v0.2.17
   Compiling once_cell v1.21.4
   Compiling serde_core v1.0.228
   Compiling futures-core v0.3.32
   Compiling synstructure v0.13.2
   Compiling futures-sink v0.3.32
   Compiling serde v1.0.228
   Compiling serde_derive v1.0.228
   Compiling smallvec v1.15.2
   Compiling futures-channel v0.3.32
   Compiling zerofrom-derive v0.1.7
   Compiling memchr v2.8.2
   Compiling zerofrom v0.1.8
   Compiling yoke-derive v0.8.2
   Compiling futures-macro v0.3.32
   Compiling stable_deref_trait v1.2.1
   Compiling futures-io v0.3.32
   Compiling itoa v1.0.18
   Compiling futures-task v0.3.32
   Compiling slab v0.4.12
   Compiling futures-util v0.3.32
   Compiling yoke v0.8.3
   Compiling jobserver v0.1.34
   Compiling find-msvc-tools v0.1.9
   Compiling shlex v2.0.1
   Compiling cc v1.2.65
   Compiling zerovec-derive v0.11.3
   Compiling bytes v1.12.0
   Compiling parking_lot_core v0.9.12
   Compiling zerovec v0.11.6
   Compiling displaydoc v0.2.6
   Compiling scopeguard v1.2.0
   Compiling lock_api v0.4.14
   Compiling getrandom v0.2.17
   Compiling errno v0.3.14
   Compiling signal-hook-registry v1.4.8
   Compiling parking_lot v0.12.5
   Compiling mio v1.2.1
   Compiling socket2 v0.6.4
   Compiling tokio-macros v2.7.0
   Compiling zeroize v1.9.0
   Compiling version_check v0.9.5
   Compiling autocfg v1.5.1
   Compiling generic-array v0.14.7
   Compiling tokio v1.52.3
   Compiling tinystr v0.8.3
   Compiling litemap v0.8.2
   Compiling writeable v0.6.3
   Compiling icu_locale_core v2.2.0
   Compiling zerotrie v0.2.4
   Compiling potential_utf v0.1.5
   Compiling http v1.4.2
   Compiling icu_normalizer_data v2.2.0
   Compiling typenum v1.20.1
   Compiling bitflags v2.13.0
   Compiling icu_properties_data v2.2.0
   Compiling zmij v1.0.21
   Compiling utf8_iter v1.0.4
   Compiling zerocopy v0.8.52
   Compiling percent-encoding v2.3.2
   Compiling icu_collections v2.2.0
   Compiling http-body v1.0.1
   Compiling icu_provider v2.2.0
   Compiling tracing-core v0.1.36
   Compiling httparse v1.10.1
   Compiling subtle v2.6.1
   Compiling serde_json v1.0.150
   Compiling ring v0.17.14
   Compiling tracing-attributes v0.1.31
   Compiling tower-service v0.3.3
   Compiling try-lock v0.2.5
   Compiling want v0.3.1
   Compiling tracing v0.1.44
   Compiling ppv-lite86 v0.2.21
   Compiling icu_properties v2.2.0
   Compiling icu_normalizer v2.2.0
   Compiling crypto-common v0.1.7
   Compiling block-buffer v0.10.4
   Compiling httpdate v1.0.3
   Compiling atomic-waker v1.1.2
   Compiling anyhow v1.0.102
   Compiling log v0.4.32
   Compiling hyper v1.10.1
   Compiling digest v0.10.7
   Compiling idna_adapter v1.2.2
   Compiling form_urlencoded v1.2.2
   Compiling rustls-pki-types v1.14.1
   Compiling semver v1.0.28
   Compiling cpufeatures v0.2.17
   Compiling untrusted v0.9.0
   Compiling ipnet v2.12.0
   Compiling base64 v0.22.1
   Compiling hyper-util v0.1.20
   Compiling rustc_version v0.4.1
   Compiling idna v1.1.0
   Compiling rustls v0.23.40
   Compiling hex v0.4.3
   Compiling url v2.5.8
   Compiling curve25519-dalek v4.1.3
   Compiling rustls-webpki v0.103.13
   Compiling sha2 v0.10.9
   Compiling http-body-util v0.1.3
   Compiling memoffset v0.9.1
   Compiling rand_core v0.6.4
   Compiling cfg_aliases v0.2.1
   Compiling ryu v1.0.23
   Compiling serde_urlencoded v0.7.1
   Compiling nix v0.30.1
   Compiling tokio-util v0.7.18
   Compiling sync_wrapper v1.0.2
   Compiling async-trait v0.1.89
   Compiling curve25519-dalek-derive v0.1.1
   Compiling pkg-config v0.3.33
   Compiling signature v2.2.0
   Compiling tower-layer v0.3.3
   Compiling utf8parse v0.2.2
   Compiling anstyle-parse v1.0.0
   Compiling tower v0.5.3
   Compiling ed25519 v2.2.3
   Compiling zstd-sys v2.0.16+zstd.1.5.7
   Compiling tokio-rustls v0.26.4
   Compiling rand_chacha v0.3.1
   Compiling webpki-roots v1.0.8
   Compiling bincode v1.3.3
   Compiling colorchoice v1.0.5
   Compiling anstyle-query v1.1.5
   Compiling option-ext v0.2.0
   Compiling thiserror v1.0.69
   Compiling is_terminal_polyfill v1.70.2
   Compiling crossbeam-utils v0.8.21
   Compiling anstyle v1.0.14
   Compiling anstream v1.0.0
   Compiling dirs-sys v0.4.1
   Compiling hyper-rustls v0.27.9
   Compiling rand v0.8.6
   Compiling ed25519-dalek v2.2.0
   Compiling tower-http v0.6.11
   Compiling serde_with v3.21.0
   Compiling serde_repr v0.1.20
   Compiling thiserror-impl v1.0.69
   Compiling getrandom v0.4.3
   Compiling strsim v0.11.1
   Compiling equivalent v1.0.2
   Compiling hashbrown v0.17.1
   Compiling clap_lex v1.1.0
   Compiling heck v0.5.0
   Compiling rustix v1.1.4
   Compiling clap_derive v4.6.1
   Compiling clap_builder v4.6.0
   Compiling indexmap v2.14.0
   Compiling bollard-stubs v1.45.0-rc.26.0.1
   Compiling reqwest v0.12.28
   Compiling ce-identity v0.1.0 (https://github.com/ce-net/ce#8449384b)
   Compiling ce-lane v0.1.0 (https://github.com/ce-net/ce#8449384b)
   Compiling directories v5.0.1
   Compiling hyperlocal v0.9.1
   Compiling futures-executor v0.3.32
   Compiling toml_datetime v0.6.11
   Compiling serde_spanned v0.6.9
   Compiling inotify-sys v0.1.5
   Compiling toml_write v0.1.2
   Compiling bitflags v1.3.2
   Compiling linux-raw-sys v0.12.1
   Compiling same-file v1.0.6
   Compiling winnow v0.7.15
   Compiling zstd-safe v7.2.4
   Compiling toml_edit v0.22.27
   Compiling walkdir v2.5.0
   Compiling inotify v0.9.6
   Compiling futures v0.3.32
   Compiling bollard v0.17.1
   Compiling crossbeam-channel v0.5.15
   Compiling ce-rs v0.1.0 (https://github.com/ce-net/ce-rs#000d3dc1)
   Compiling clap v4.6.1
   Compiling ce-runtime v0.1.0 (https://github.com/ce-net/ce#8449384b)
   Compiling mio v0.8.11
   Compiling filetime v0.2.29
   Compiling dirs-sys-next v0.1.2
   Compiling fastrand v2.4.1
   Compiling tempfile v3.27.0
   Compiling dirs-next v2.0.0
   Compiling notify v6.1.1
   Compiling ce-container v0.1.0 (https://github.com/ce-net/ce#8449384b)
   Compiling toml v0.8.23
   Compiling ce-cap v0.1.0 (https://github.com/ce-net/ce#8449384b)
   Compiling rdev v0.1.0 (https://github.com/ce-net/rdev#037904a1)
   Compiling zstd v0.13.3
   Compiling ce-coord v0.1.0 (https://github.com/ce-net/ce-coord#d416f189)
   Compiling ce-drive-core v0.1.0 (/opt/build/ce-drive/crates/ce-drive-core)
   Compiling regex-syntax v0.8.11
   Compiling getrandom v0.3.4
   Compiling libm v0.2.16
   Compiling rand_core v0.9.5
   Compiling num-traits v0.2.19
   Compiling wait-timeout v0.2.1
   Compiling quick-error v1.2.3
   Compiling fnv v1.0.7
   Compiling bit-vec v0.8.0
   Compiling bit-set v0.8.0
   Compiling rusty-fork v0.3.1
   Compiling rand_chacha v0.9.0
   Compiling rand_xorshift v0.4.0
   Compiling rand v0.9.4
   Compiling unarray v0.1.4
   Compiling proptest v1.11.0
   Compiling wasm-bindgen-shared v0.2.125
   Compiling rustversion v1.0.22
   Compiling bumpalo v3.20.3
   Compiling wasm-bindgen-macro-support v0.2.125
   Compiling wasm-bindgen v0.2.125
   Compiling wasm-bindgen-macro v0.2.125
   Compiling ce-drive-mount v0.1.0 (/opt/build/ce-drive/crates/ce-drive-mount)
   Compiling nu-ansi-term v0.50.3
   Compiling js-sys v0.3.102
   Compiling regex-automata v0.4.14
   Compiling lazy_static v1.5.0
   Compiling sharded-slab v0.1.7
   Compiling matchers v0.2.0
   Compiling tracing-log v0.2.0
   Compiling thread_local v1.1.9
   Compiling tracing-subscriber v0.3.23
   Compiling wasm-bindgen-futures v0.4.75
   Compiling console_error_panic_hook v0.1.7
   Compiling wasm-bindgen-test-macro v0.3.75
   Compiling wasm-bindgen-test-shared v0.2.125
   Compiling oorandom v11.1.5
   Compiling cast v0.3.0
   Compiling wasm-bindgen-test v0.3.75
   Compiling ce-drive-wasm v0.1.0 (/opt/build/ce-drive/crates/ce-drive-wasm)
   Compiling ce-drive-cli v0.1.0 (/opt/build/ce-drive/crates/ce-drive-cli)
    Finished `test` profile [unoptimized + debuginfo] target(s) in 3m 11s
     Running unittests src/main.rs (/opt/build/target-ce-drive/debug/deps/ce_drive-1782e134ae2163df)

running 8 tests
test replica::tests::duplicate_frames_fold_once ... ok
test replica::tests::folds_web_wire_frames_and_extracts_cids ... ok
test replica::tests::hostile_frames_are_skipped_not_fatal ... ok
test tests::decode_rejects_garbage_and_bad_magic ... ok
test replica::tests::log_replay_reconstructs_state ... ok
test tests::split_path_rejects_root ... ok
test tests::encode_decode_roundtrips ... ok
test tests::write_atomic_replaces_existing_file ... ok

test result: ok. 8 passed; 0 failed; 0 ignored; 0 measured; 0 filtered out; finished in 0.01s

     Running tests/cli_offline.rs (/opt/build/target-ce-drive/debug/deps/cli_offline-6c72dec4e8f15525)

running 4 tests
test compact_on_empty_drive_is_a_noop_that_persists ... ok
test empty_drive_reports_empty_surfaces ... ok
test missing_drive_errors_clearly ... ok
test init_creates_compact_state_and_commands_load_it ... ok

test result: ok. 4 passed; 0 failed; 0 ignored; 0 measured; 0 filtered out; finished in 0.11s

     Running unittests src/lib.rs (/opt/build/target-ce-drive/debug/deps/ce_drive_core-09b8c528f89f2197)

running 127 tests
test audit::tests::empty_json_is_empty_journal ... ok
test audit::tests::expiry_status_is_computed_from_now ... ok
test audit::tests::from_grant_carries_fields ... ok
test audit::tests::journal_roundtrips_json ... ok
test changes::tests::cursor_paginates_and_is_resumable ... ok
test changes::tests::head_skips_history ... ok
test changes::tests::feed_orders_creates_then_edits_then_trash ... ok
test changes::tests::move_is_classified_as_moved_not_created ... ok
test content::tests::concurrent_same_mtime_edit_is_flagged_conflict ... ok
test content::tests::map_apply_is_order_independent_for_distinct_keys ... ok
test content::tests::map_apply_set_and_all_cids ... ok
test content::tests::record_advances_and_keeps_history ... ok
test content::tests::record_identical_cid_is_noop ... ok
test content::tests::record_lww_older_edit_loses_but_is_retained ... ok
test content::tests::restore_points_back_at_old_cid ... ok
test content::tests::version_cap_prunes_oldest ... ok
test content::tests::winning_tiebreak_flags_displaced_as_conflict ... ok
test content_apps::tests::a_bare_string_parses_as_a_blob_cid ... ok
test content_apps::tests::a_locator_id_may_contain_colons ... ok
test content_apps::tests::capabilities_default_to_under_promising ... ok
test content_apps::tests::qualified_locators_round_trip ... ok
test content_apps::tests::resolving_an_uninstalled_backend_names_it ... ok
test content_wire::tests::a_backend_app_round_trips_bytes_over_the_wire ... ok
test content_wire::tests::a_missing_object_is_not_found_not_a_transport_error ... ok
test content_wire::tests::an_unsupported_op_says_so_rather_than_failing_obscurely ... ok
test content_wire::tests::ranges_round_trip_through_the_wire_type ... ok
test content_wire::tests::service_names_follow_the_convention ... ok
test content_wire::tests::stat_distinguishes_absent_from_error ... ok
test drive::tests::changes_since_reports_deltas ... ok
test drive::tests::concurrent_content_edit_surfaces_conflict ... ok
test drive::tests::compact_preserves_live_state_and_shrinks_log ... ok
test drive::tests::dir_move_is_single_op ... ok
test drive::tests::edit_is_new_version_same_id ... ok
test drive::tests::empty_trash_hard_deletes_and_unpins ... ok
test drive::tests::from_state_replays_identically ... ok
test drive::tests::gc_trash_honors_retention ... ok
test drive::tests::incremental_refold_matches_full_fold ... ok
test drive::tests::init_mkdir_add_ls ... ok
test drive::tests::name_validation_rejects_bad_names ... ok
test drive::tests::rename_keeps_content_identity ... ok
test drive::tests::restore_rejects_collision_and_non_trashed ... ok
test drive::tests::restore_version_points_back ... ok
test drive::tests::rm_moves_to_trash_and_hides ... ok
test drive::tests::sequential_edits_are_not_conflicts ... ok
test drive::tests::trash_restore_roundtrip ... ok
test drive::tests::two_replicas_converge_on_content_ops_in_different_orders ... ok
test durability::tests::default_policy_is_sane ... ok
test durability::tests::economy_off_targets_one_own_device_replica ... ok
test durability::tests::empty_report_is_trivially_clean ... ok
test drive::tests::two_writers_converge_on_concurrent_moves ... ok
test durability::tests::local_policy_has_no_extra_replicas ... ok
test durability::tests::pin_status_satisfaction_threshold ... ok
test durability::tests::report_summarizes_and_ranks_at_risk_worst_first ... ok
test durability::tests::policy_roundtrips_json ... ok
test journal::tests::a_foreign_magic_is_refused_rather_than_replayed_blind ... ok
test journal::tests::a_truncated_length_prefix_is_also_survivable ... ok
test journal::tests::an_absent_journal_is_empty_not_an_error ... ok
test journal::tests::a_torn_tail_keeps_everything_before_it ... ok
test journal::tests::reopening_appends_rather_than_overwriting ... ok
test journal::tests::records_round_trip_in_order ... ok
test journal::tests::reset_empties_the_journal_but_keeps_it_readable ... ok
test journal::tests::reset_is_safe_on_a_journal_that_was_never_written_to ... ok
test kind_apps::tests::a_known_kind_is_extracted ... ok
test kind_apps::tests::a_node_with_no_kind_at_all_degrades_too ... ok
test kind_apps::tests::an_unknown_kind_degrades_rather_than_failing ... ok
test kind_apps::tests::extracted_links_carry_the_link_target_grammar ... ok
test kind_apps::tests::one_broken_format_does_not_poison_the_drive ... ok
test kind_apps::tests::unextracted_is_distinguishable_from_empty ... ok
test meta::tests::a_bare_string_target_is_a_uri ... ok
test meta::tests::by_prop_matches_presence_or_exact_value ... ok
test meta::tests::fold_is_independent_of_arrival_order ... ok
test meta::tests::link_targets_round_trip_through_their_key_form ... ok
test meta::tests::links_build_a_backlink_index_and_removal_clears_it ... ok
test meta::tests::props_are_last_writer_wins_per_key ... ok
test meta::tests::tags_add_and_remove_by_timestamp ... ok
test meta::tests::unsetting_a_prop_removes_it_and_empty_nodes_are_dropped ... ok
test names::tests::accepts_ordinary_names ... ok
test names::tests::check_name_wraps_in_anyhow ... ok
test names::tests::rejects_control_chars ... ok
test names::tests::rejects_dot_components ... ok
test names::tests::rejects_empty_and_whitespace ... ok
test names::tests::rejects_overlong ... ok
test names::tests::rejects_separators ... ok
test journal::tests::reset_survives_a_second_handle_being_open_on_the_same_file ... ok
test persist::tests::a_missing_file_is_none_not_an_error ... ok
test persist::tests::a_bare_cid_drive_upgrades_to_blob_locators ... ok
test persist::tests::a_pre_metadata_drive_still_loads ... ok
test persist::tests::current_layout_round_trips ... ok
test persist::tests::garbage_and_unknown_formats_are_refused_by_name ... ok
test persist::tests::v1_bytes_are_not_decodable_as_the_current_struct ... ok
test persist::tests::we_write_v3 ... ok
test persist::tests::write_atomic_leaves_no_temp_file ... ok
test search::tests::add_text_enables_content_match ... ok
test persist::tests::reading_v1_then_saving_upgrades_it_to_v3 ... ok
test search::tests::empty_query_returns_nothing ... ok
test search::tests::finds_by_substring ... ok
test search::tests::finds_by_whole_token ... ok
test search::tests::finds_folder_by_name ... ok
test search::tests::ranking_prefers_name_over_path_match ... ok
test share::tests::backslash_and_control_chars_are_rejected ... ok
test search::tests::scoped_search_limits_to_subtree ... ok
test share::tests::expired_grant_is_denied ... ok
test share::tests::dotdot_traversal_is_rejected ... ok
test share::tests::read_grant_denied_for_write_action ... ok
test share::tests::revoked_grant_is_denied ... ok
test share::tests::self_issued_write_grant_authorizes_in_scope ... ok
test share::tests::share_link_forces_read_only ... ok
test share::tests::sibling_prefix_does_not_bypass_scope ... ok
test share::tests::transitive_read_only_reshare_cannot_widen_to_write ... ok
test share::tests::write_grant_denied_outside_scope ... ok
test store::tests::content_id_matches_engine ... ok
test store::tests::fill_chunk_handles_short_reads ... ok
test share::tests::valid_transitive_read_only_subfolder_reshare_works ... ok
test store::tests::identical_bytes_dedupe_to_zero_uploads ... ok
test store::tests::streaming_chunker_matches_in_memory_manifest ... ok
test sync::tests::content_merge_converges_lww_regardless_of_order ... ok
test store::tests::one_byte_edit_yields_one_missing_chunk ... ok
test sync::tests::tree_merge_converges_regardless_of_order ... ok
test tree::tests::conflict_rename_is_replica_order_independent ... ok
test tree::tests::concurrent_swap_resolves_acyclically_later_wins ... ok
test tree::tests::create_and_path_derivation ... ok
test tree::tests::cycle_skip_keeps_tree_acyclic ... ok
test tree::tests::dir_move_is_one_op_and_descendants_follow ... ok
test tree::tests::delete_moves_to_trash_and_hides_from_readdir ... ok
test tree::tests::duplicate_op_is_idempotent ... ok
test tree::tests::name_collision_renders_deterministic_conflict ... ok
test tree::tests::random_op_orders_converge_identically ... ok

test result: ok. 127 passed; 0 failed; 0 ignored; 0 measured; 0 filtered out; finished in 0.62s

     Running tests/adopt_migration.rs (/opt/build/target-ce-drive/debug/deps/adopt_migration-1223c1561268e2ee)

running 6 tests
test adoption_preserves_content_and_its_history ... ok
test adoption_is_idempotent ... ok
test adoption_preserves_every_node_id ... ok
test adoption_preserves_metadata_and_links ... ok
test adoption_preserves_the_tree_shape ... ok
test an_empty_drive_adopts_to_an_empty_drive ... ok

test result: ok. 6 passed; 0 failed; 0 ignored; 0 measured; 0 filtered out; finished in 0.00s

     Running tests/content_proptest.rs (/opt/build/target-ce-drive/debug/deps/content_proptest-0f5e4fe14d1d675c)

running 8 tests
test equal_mtime_breaks_by_cid_deterministically ... ok
test large_u64_roundtrips_exactly ... ok
test lww_converges_regardless_of_order ... ok
test remove_then_set_is_fresh ... ok
test restore_semantics ... ok
test setdoc_attaches_only_to_existing ... ok
test version_history_bounded_and_current_retained ... ok
test filecontent_roundtrips ... ok

test result: ok. 8 passed; 0 failed; 0 ignored; 0 measured; 0 filtered out; finished in 0.16s

     Running tests/drive_errors.rs (/opt/build/target-ce-drive/debug/deps/drive_errors-92d5204f9a0fda2c)

running 11 tests
test add_file_over_existing_dir_errors ... ok
test apply_remote_move_advances_lamport_past_seen ... ok
test ls_on_file_errors ... ok
test mkdir_duplicate_errors ... ok
test mkdir_under_missing_parent_errors ... ok
test mkdir_under_a_file_errors ... ok
test mv_and_rm_root_error ... ok
test mv_missing_source_errors ... ok
test restore_version_without_history_errors ... ok
test rm_missing_errors ... ok
test set_content_by_id_does_not_emit_moveop ... ok

test result: ok. 11 passed; 0 failed; 0 ignored; 0 measured; 0 filtered out; finished in 0.00s

     Running tests/durability_audit.rs (/opt/build/target-ce-drive/debug/deps/durability_audit-9f5aa85f437c0238)

running 9 tests
test announce_all_is_noop_when_announce_disabled ... ok
test audit_journal_json_roundtrip_and_empty ... ok
test announce_all_dedups_and_tolerates_failures ... ok
test audit_render_falls_back_when_node_unreachable ... ok
test pin_status_satisfaction_threshold_math ... ok
test revoked_record_grant_record_serde ... ok
test revoked_set_errors_on_dead_node ... ok
test status_against_dead_node_is_unsatisfied_not_panic ... ok
test status_all_handles_empty_and_dead ... ok

test result: ok. 9 passed; 0 failed; 0 ignored; 0 measured; 0 filtered out; finished in 0.00s

     Running tests/live_store.rs (/opt/build/target-ce-drive/debug/deps/live_store-0411c840127b2e8a)

running 1 test
test store_roundtrip_and_dedup_against_live_node ... ok

test result: ok. 1 passed; 0 failed; 0 ignored; 0 measured; 0 filtered out; finished in 0.70s

     Running tests/serialization_proptest.rs (/opt/build/target-ce-drive/debug/deps/serialization_proptest-d9d4ca016a397867)

running 5 tests
test drivestate_persist_replay_is_identical ... ok
test pin_policy_roundtrips ... ok
test stamped_content_op_roundtrips ... ok
test moveop_json_and_bincode_roundtrip ... ok
test timestamp_ordering_is_total_and_stable ... ok

test result: ok. 5 passed; 0 failed; 0 ignored; 0 measured; 0 filtered out; finished in 0.16s

     Running tests/share_proptest.rs (/opt/build/target-ce-drive/debug/deps/share_proptest-e971490a82eede67)

running 8 tests
test expiry_boundary ... ok
test grant_token_roundtrips ... ok
test malformed_inputs_error_not_panic ... ok
test path_scope_is_exact ... ok
test revocation_anywhere_in_chain_denies ... ok
test scope_normalization_is_canonical ... ok
test three_level_narrowing_chain ... ok
test delegation_cannot_exceed_parent ... ok

test result: ok. 8 passed; 0 failed; 0 ignored; 0 measured; 0 filtered out; finished in 2.94s

     Running tests/store_delta_proptest.rs (/opt/build/target-ce-drive/debug/deps/store_delta_proptest-bc336810b41e514a)

running 5 tests
test content_id_is_deterministic ... ok
test empty_bytes_is_a_valid_object ... ok
test append_reuses_prefix_chunks ... ok
test identical_bytes_have_zero_missing ... ok
test single_byte_edit_moves_one_chunk ... ok

test result: ok. 5 passed; 0 failed; 0 ignored; 0 measured; 0 filtered out; finished in 6.08s

     Running tests/sync_merge_proptest.rs (/opt/build/target-ce-drive/debug/deps/sync_merge_proptest-64bd0c110d2d3917)

running 5 tests
test backlinks_are_order_independent ... ok
test meta_merge_order_independent ... ok
test content_merge_order_independent ... ok
test snapshot_bootstrap_equals_full_replay ... ok
test tree_merge_order_independent ... ok

test result: ok. 5 passed; 0 failed; 0 ignored; 0 measured; 0 filtered out; finished in 0.19s

     Running tests/tree_api_edge.rs (/opt/build/target-ce-drive/debug/deps/tree_api_edge-21bbe639783d94e1)

running 8 tests
test empty_name_resolves_and_is_addressable ... ok
test is_live_and_live_count ... ok
test log_max_ts_tracks_frontier ... ok
test move_into_self_is_skipped ... ok
test path_of_missing_trashed_and_root ... ok
test raw_children_vs_readdir_on_collision ... ok
test resolve_edge_cases ... ok
test deeply_nested_path_derivation ... ok

test result: ok. 8 passed; 0 failed; 0 ignored; 0 measured; 0 filtered out; finished in 0.00s

     Running tests/tree_proptest.rs (/opt/build/target-ce-drive/debug/deps/tree_proptest-960b83b969387b6b)

running 5 tests
test deep_concurrent_swap_converges ... ok
test duplicate_delivery_is_idempotent ... ok
test conflict_render_is_order_independent_and_unique ... ok
test tree_is_always_acyclic ... ok
test random_op_orders_converge_identically ... ok

test result: ok. 5 passed; 0 failed; 0 ignored; 0 measured; 0 filtered out; finished in 0.99s

     Running tests/two_node_sync.rs (/opt/build/target-ce-drive/debug/deps/two_node_sync-c08652cb356939b9)

running 1 test
test two_writers_converge_on_concurrent_mutations ... ignored, boots two real ce nodes; run with --ignored

test result: ok. 0 passed; 0 failed; 1 ignored; 0 measured; 0 filtered out; finished in 0.00s

     Running tests/wire_golden.rs (/opt/build/target-ce-drive/debug/deps/wire_golden-8aa766ed535d8f04)

running 2 tests
test content_op_matches_golden ... ok
test move_op_matches_golden ... ok

test result: ok. 2 passed; 0 failed; 0 ignored; 0 measured; 0 filtered out; finished in 0.00s

     Running unittests src/lib.rs (/opt/build/target-ce-drive/debug/deps/ce_drive_mount-ad15ab6bf51aa75c)

running 16 tests
test materialize::tests::materialize_writes_the_tree ... ok
test materialize::tests::materialize_edit_push_roundtrip ... ok
test projfs_logic::tests::basic_info_marks_dirs_and_files ... ok
test projfs_logic::tests::filetime_saturates_on_overflow ... ok
test projfs_logic::tests::win_path_maps_to_engine_path ... ok
test vfs::tests::create_write_read_roundtrip ... ok
test materialize::tests::push_skips_unchanged_files ... ok
test vfs::tests::getattr_and_lookup_are_manifest_only ... ok
test vfs::tests::hydrate_on_open_pulls_only_touched_file ... ok
test vfs::tests::inodes_are_stable_across_lookups_and_revalidate ... ok
test vfs::tests::mkdir_unlink_reflected_in_listing ... ok
test vfs::tests::range_read_returns_slice ... ok
test vfs::tests::rename_is_atomic_and_preserves_inode ... ok
test winnames::tests::macos_rejects_only_structural ... ok
test winnames::tests::windows_rejects_reserved_and_illegal ... ok
test vfs::tests::write_back_batches_until_flush ... ok

test result: ok. 16 passed; 0 failed; 0 ignored; 0 measured; 0 filtered out; finished in 0.01s

     Running tests/adapter_logic.rs (/opt/build/target-ce-drive/debug/deps/adapter_logic-285be4c96c4e53c1)

running 4 tests
test basic_info_fields_for_dir_and_file ... ok
test filetime_conversion_is_saturating_and_correct ... ok
test win_path_mapping_edge_cases ... ok
test watch_stops_on_predicate ... ok

test result: ok. 4 passed; 0 failed; 0 ignored; 0 measured; 0 filtered out; finished in 0.00s

     Running tests/adapter_smoke.rs (/opt/build/target-ce-drive/debug/deps/adapter_smoke-d1d9c372ba24ebc2)

running 4 tests
test projfs_contract_against_real_drive ... ok
test read_path_call_sequence_is_lazy ... ok
test rename_preserves_inode_across_revalidate ... ok
test write_path_call_sequence_writes_back ... ok

test result: ok. 4 passed; 0 failed; 0 ignored; 0 measured; 0 filtered out; finished in 0.16s

     Running tests/perf_smoke.rs (/opt/build/target-ce-drive/debug/deps/perf_smoke-e0e54cbd22cca225)

running 2 tests
test perf_smoke_lazy_hydration_pulls_only_touched_file ... ok
test perf_smoke_materialize_then_git_status_and_io ... ok

test result: ok. 2 passed; 0 failed; 0 ignored; 0 measured; 0 filtered out; finished in 0.31s

     Running tests/vfs_failure.rs (/opt/build/target-ce-drive/debug/deps/vfs_failure-eb7d816c79f83ce8)

running 8 tests
test bad_handle_and_unknown_inode_error ... ok
test create_empty_file_hydrates_to_empty_not_error ... ok
test flush_write_failure_leaves_handle_dirty ... ok
test concurrent_handles_last_flush_wins_no_deadlock ... ok
test injected_read_failure_is_graceful ... ok
test materialize_missing_blob_errors ... ok
test read_of_missing_blob_errors_not_panics ... ok
test truncate_extend_and_sparse_write_boundaries ... ok

test result: ok. 8 passed; 0 failed; 0 ignored; 0 measured; 0 filtered out; finished in 0.00s

     Running unittests src/lib.rs (/opt/build/target-ce-drive/debug/deps/ce_drive_wasm-64f69874a6986b3d)

running 9 tests
test crdt::tests::conflict_surfacing ... ok
test crdt::tests::content_lww ... ok
test crdt::tests::pure_tree_converges_like_core ... ok
test crdt::tests::wasm_moveop_wire_stable ... ok
test crdt::tests::wasm_tree_idempotent_and_acyclic ... ok
test tests::moveop_wire_roundtrips ... ok
test tests::stamped_content_wire_roundtrips ... ok
test tests::wasm_wire_golden_matches_core ... ok
test crdt::tests::wasm_tree_converges_regardless_of_order ... ok

test result: ok. 9 passed; 0 failed; 0 ignored; 0 measured; 0 filtered out; finished in 0.47s

   Doc-tests ce_drive_core

running 1 test
test crates/ce-drive-core/src/names.rs - names::validate_name (line 62) ... ok

test result: ok. 1 passed; 0 failed; 0 ignored; 0 measured; 0 filtered out; finished in 0.00s

all doctests ran in 0.77s; merged doctests compilation took 0.75s
   Doc-tests ce_drive_mount

running 0 tests

test result: ok. 0 passed; 0 failed; 0 ignored; 0 measured; 0 filtered out; finished in 0.00s

   Doc-tests ce_drive_wasm

running 0 tests

test result: ok. 0 passed; 0 failed; 0 ignored; 0 measured; 0 filtered out; finished in 0.00s

