=== Wed Jun 24 16:31:34 UTC 2026 remote test ce-fn ===
rustc 1.96.0 (ac68faa20 2026-05-25)
   Compiling proc-macro2 v1.0.106
   Compiling unicode-ident v1.0.24
   Compiling quote v1.0.46
   Compiling libc v0.2.186
   Compiling syn v2.0.118
   Compiling cfg-if v1.0.4
   Compiling stable_deref_trait v1.2.1
   Compiling pin-project-lite v0.2.17
   Compiling getrandom v0.2.17
   Compiling bytes v1.12.0
   Compiling once_cell v1.21.4
   Compiling zeroize v1.9.0
   Compiling version_check v0.9.5
   Compiling futures-core v0.3.32
   Compiling generic-array v0.14.7
   Compiling errno v0.3.14
   Compiling find-msvc-tools v0.1.9
   Compiling shlex v2.0.1
   Compiling smallvec v1.15.2
   Compiling itoa v1.0.18
   Compiling cc v1.2.65
   Compiling synstructure v0.13.2
   Compiling signal-hook-registry v1.4.8
   Compiling mio v1.2.1
   Compiling zerofrom-derive v0.1.7
   Compiling yoke-derive v0.8.2
   Compiling zerofrom v0.1.8
   Compiling zerovec-derive v0.11.3
   Compiling yoke v0.8.3
   Compiling displaydoc v0.2.6
   Compiling zerovec v0.11.6
   Compiling tokio-macros v2.7.0
   Compiling tinystr v0.8.3
   Compiling socket2 v0.6.4
   Compiling litemap v0.8.2
   Compiling typenum v1.20.1
   Compiling serde_core v1.0.228
   Compiling writeable v0.6.3
   Compiling icu_locale_core v2.2.0
   Compiling tokio v1.52.3
   Compiling potential_utf v0.1.5
   Compiling zerotrie v0.2.4
   Compiling ring v0.17.14
   Compiling subtle v2.6.1
   Compiling icu_properties_data v2.2.0
   Compiling icu_normalizer_data v2.2.0
   Compiling zerocopy v0.8.52
   Compiling utf8_iter v1.0.4
   Compiling icu_collections v2.2.0
   Compiling icu_provider v2.2.0
   Compiling http v1.4.2
   Compiling serde v1.0.228
   Compiling percent-encoding v2.3.2
   Compiling http-body v1.0.1
   Compiling block-buffer v0.10.4
   Compiling crypto-common v0.1.7
   Compiling futures-macro v0.3.32
   Compiling serde_derive v1.0.228
   Compiling rustls-pki-types v1.14.1
   Compiling tracing-core v0.1.36
   Compiling untrusted v0.9.0
   Compiling httparse v1.10.1
   Compiling semver v1.0.28
   Compiling slab v0.4.12
   Compiling futures-task v0.3.32
   Compiling bitflags v2.13.0
   Compiling getrandom v0.3.4
   Compiling futures-util v0.3.32
   Compiling rustc_version v0.4.1
   Compiling ppv-lite86 v0.2.21
   Compiling digest v0.10.7
   Compiling icu_normalizer v2.2.0
   Compiling icu_properties v2.2.0
   Compiling tracing-attributes v0.1.31
   Compiling try-lock v0.2.5
   Compiling rustls v0.23.40
   Compiling tower-service v0.3.3
   Compiling cpufeatures v0.2.17
   Compiling want v0.3.1
   Compiling tracing v0.1.44
   Compiling idna_adapter v1.2.2
   Compiling rustls-webpki v0.103.13
   Compiling curve25519-dalek v4.1.3
   Compiling form_urlencoded v1.2.2
   Compiling futures-channel v0.3.32
   Compiling rand_core v0.6.4
   Compiling atomic-waker v1.1.2
   Compiling anyhow v1.0.102
   Compiling zmij v1.0.21
   Compiling hyper v1.10.1
   Compiling idna v1.1.0
   Compiling sha2 v0.10.9
   Compiling curve25519-dalek-derive v0.1.1
   Compiling sync_wrapper v1.0.2
   Compiling log v0.4.33
   Compiling tower-layer v0.3.3
   Compiling utf8parse v0.2.2
   Compiling serde_json v1.0.150
   Compiling base64 v0.22.1
   Compiling regex-syntax v0.8.11
   Compiling ipnet v2.12.0
   Compiling signature v2.2.0
   Compiling hyper-util v0.1.20
   Compiling ed25519 v2.2.3
   Compiling anstyle-parse v1.0.0
   Compiling tower v0.5.3
   Compiling tokio-rustls v0.26.4
   Compiling url v2.5.8
   Compiling rand_chacha v0.3.1
   Compiling webpki-roots v1.0.8
   Compiling memchr v2.8.2
   Compiling rustix v1.1.4
   Compiling option-ext v0.2.0
   Compiling is_terminal_polyfill v1.70.2
   Compiling colorchoice v1.0.5
   Compiling anstyle-query v1.1.5
   Compiling anstyle v1.0.14
   Compiling ryu v1.0.23
   Compiling hex v0.4.3
   Compiling futures-sink v0.3.32
   Compiling tokio-util v0.7.18
   Compiling serde_urlencoded v0.7.1
   Compiling anstream v1.0.0
   Compiling dirs-sys v0.4.1
   Compiling rand v0.8.6
   Compiling hyper-rustls v0.27.9
   Compiling ed25519-dalek v2.2.0
   Compiling tower-http v0.6.11
   Compiling regex-automata v0.4.14
   Compiling rand_core v0.9.5
   Compiling http-body-util v0.1.3
   Compiling strsim v0.11.1
   Compiling linux-raw-sys v0.12.1
   Compiling heck v0.5.0
   Compiling lazy_static v1.5.0
   Compiling clap_lex v1.1.0
   Compiling autocfg v1.5.1
   Compiling num-traits v0.2.19
   Compiling matchers v0.2.0
   Compiling clap_builder v4.6.0
   Compiling sharded-slab v0.1.7
   Compiling clap_derive v4.6.1
   Compiling reqwest v0.12.28
   Compiling ce-identity v0.1.0 (/opt/build/ce/crates/ce-identity)
   Compiling directories v5.0.1
   Compiling tracing-log v0.2.0
   Compiling bincode v1.3.3
   Compiling thread_local v1.1.9
   Compiling fastrand v2.4.1
   Compiling nu-ansi-term v0.50.3
   Compiling tracing-subscriber v0.3.23
   Compiling tempfile v3.27.0
   Compiling ce-cap v0.1.0 (/opt/build/ce/crates/ce-cap)
   Compiling ce-rs v0.1.0 (/opt/build/ce-rs)
   Compiling clap v4.6.1
   Compiling wait-timeout v0.2.1
   Compiling quick-error v1.2.3
   Compiling bit-vec v0.8.0
   Compiling fnv v1.0.7
   Compiling rusty-fork v0.3.1
   Compiling bit-set v0.8.0
   Compiling rand v0.9.4
   Compiling rand_chacha v0.9.0
   Compiling rand_xorshift v0.4.0
   Compiling unarray v0.1.4
   Compiling ce-fn v0.1.0 (/opt/build/ce-fn)
   Compiling proptest v1.11.0
    Finished `test` profile [unoptimized + debuginfo] target(s) in 1m 10s
     Running unittests src/lib.rs (/opt/build/target-ce-fn/debug/deps/ce_fn-a7189db1b16e533d)

running 55 tests
test caps::tests::bad_token_errors ... ok
test caps::tests::grant_and_authorize_invoke_roundtrip ... ok
test caps::tests::revoked_chain_denied ... ok
test client::tests::bid_credits_helper ... ok
test client::tests::decode_invoke_surfaces_handler_failure ... ok
test client::tests::fingerprint_is_stable_and_distinct ... ok
test client::tests::requirements_match_handler_kind ... ok
test client::tests::seen_window_dedups_and_evicts ... ok
test function::tests::function_json_roundtrip ... ok
test function::tests::function_validate_catches_bad_specs ... ok
test function::tests::handler_wasm_flag ... ok
test function::tests::name_validation ... ok
test function::tests::registry_insert_bumps_revision_and_carries_stats ... ok
test function::tests::registry_insert_get_remove ... ok
test function::tests::registry_load_missing_is_empty ... ok
test function::tests::registry_persist_roundtrip ... ok
test function::tests::registry_rejects_newer_schema ... ok
test function::tests::registry_save_is_atomic_no_temp_left ... ok
test function::tests::registry_with_lock_serializes_mutation ... ok
test function::tests::validate_hex64_works ... ok
test function::tests::wasm_handler_validates_module_hash ... ok
test placement::tests::best_none_when_nothing_qualifies ... ok
test placement::tests::best_picks_top_qualified ... ok
test placement::tests::candidates_filters_pool ... ok
test placement::tests::capacity_floor_enforced ... ok
test placement::tests::container_requires_docker ... ok
test placement::tests::extra_select_tags_required ... ok
test placement::tests::rank_most_proven_first ... ok
test caps::tests::wrong_ability_denied ... ok
test placement::tests::rank_ties_broken_by_load_then_id ... ok
test placement::tests::rank_truncates_to_count ... ok
test placement::tests::top_caps_to_available_pool ... ok
test placement::tests::top_returns_ranked_n_distinct_hosts ... ok
test placement::tests::wasm_requires_wasm_tag_not_docker ... ok
test protocol::tests::decode_rejects_bad_function_name ... ok
test protocol::tests::decode_rejects_oversized_envelope ... ok
test protocol::tests::invoke_request_roundtrip ... ok
test protocol::tests::invoke_response_exited_nonzero ... ok
test protocol::tests::invoke_response_success_and_failure ... ok
test protocol::tests::encode_rejects_oversized_payload ... ok
test protocol::tests::payload_bad_hex_errors ... ok
test protocol::tests::trigger_event_lenient_on_raw_bytes ... ok
test protocol::tests::trigger_event_roundtrip ... ok
test serve::tests::authorized_invoke_runs_handler ... ok
test serve::tests::manifest_json_roundtrip ... ok
test serve::tests::manifest_validate_rejects_duplicates_and_empty_command ... ok
test serve::tests::missing_secret_fails_closed ... ok
test serve::tests::nonzero_exit_is_not_ok ... ok
test serve::tests::process_runtime_echoes_real_subprocess ... ok
test serve::tests::process_runtime_times_out ... ok
test serve::tests::revoked_capability_denied ... ok
test serve::tests::secrets_and_env_injected ... ok
test serve::tests::unauthorized_invoke_denied ... ok
test serve::tests::unknown_function_fails ... ok
test protocol::tests::output_success_truncates_when_oversized ... ok

test result: ok. 55 passed; 0 failed; 0 ignored; 0 measured; 0 filtered out; finished in 2.28s

     Running unittests src/bin/ce-fn.rs (/opt/build/target-ce-fn/debug/deps/ce_fn-8fb630f9cfd589b7)

running 5 tests
test tests::build_handler_rejects_ambiguous ... ok
test tests::parse_abilities_maps_and_rejects ... ok
test tests::parse_env_pairs ... ok
test tests::parse_node_id_validates ... ok
test tests::parse_secret_bindings ... ok

test result: ok. 5 passed; 0 failed; 0 ignored; 0 measured; 0 filtered out; finished in 0.00s

     Running tests/flow.rs (/opt/build/target-ce-fn/debug/deps/flow-f2e21cf91feba49f)

running 8 tests
test end_to_end_unauthorized_is_rejected_by_runtime ... ok
test invoke_wire_contract_between_caller_and_host ... ok
test placement_picks_most_proven_capable_host ... ok
test placement_top_n_for_replicas ... ok
test ranking_is_deterministic ... ok
test registry_lifecycle_persists ... ok
test trigger_event_carries_data_to_function ... ok
test end_to_end_invoke_through_runtime ... ok

test result: ok. 8 passed; 0 failed; 0 ignored; 0 measured; 0 filtered out; finished in 0.01s

     Running tests/properties.rs (/opt/build/target-ce-fn/debug/deps/properties-b2130de1be088ec9)

running 6 tests
test invoke_response_roundtrips ... ok
test invoke_request_roundtrips ... ok
test rank_is_ordered_and_bounded ... ok
test trigger_event_lenient_never_panics ... ok
test undercapacity_host_never_satisfies ... ok
test oversized_envelope_always_rejected ... ok

test result: ok. 6 passed; 0 failed; 0 ignored; 0 measured; 0 filtered out; finished in 0.61s

   Doc-tests ce_fn

running 1 test
test src/lib.rs - (line 23) - compile ... ok

test result: ok. 1 passed; 0 failed; 0 ignored; 0 measured; 0 filtered out; finished in 0.00s

all doctests ran in 0.38s; merged doctests compilation took 0.37s
