=== Thu Jun 25 16:22:50 UTC 2026 remote test ce-lb ===
rustc 1.96.0 (ac68faa20 2026-05-25)
    Updating crates.io index
     Locking 197 packages to latest Rust 1.96.0 compatible versions
      Adding generic-array v0.14.7 (available: v0.14.9)
      Adding reqwest v0.12.28 (available: v0.13.4)
      Adding sha2 v0.10.9 (available: v0.11.0)
   Compiling proc-macro2 v1.0.106
   Compiling unicode-ident v1.0.24
   Compiling quote v1.0.46
   Compiling libc v0.2.186
   Compiling syn v2.0.118
    Checking cfg-if v1.0.4
    Checking stable_deref_trait v1.2.1
    Checking pin-project-lite v0.2.17
    Checking bytes v1.12.0
    Checking futures-core v0.3.32
    Checking itoa v1.0.18
    Checking once_cell v1.21.4
   Compiling find-msvc-tools v0.1.9
   Compiling shlex v2.0.1
   Compiling cc v1.2.65
    Checking mio v1.2.1
    Checking socket2 v0.6.4
    Checking litemap v0.8.2
    Checking smallvec v1.15.2
   Compiling synstructure v0.13.2
    Checking writeable v0.6.3
   Compiling ring v0.17.14
   Compiling icu_properties_data v2.2.0
   Compiling serde_core v1.0.228
   Compiling icu_normalizer_data v2.2.0
    Checking utf8_iter v1.0.4
   Compiling zerofrom-derive v0.1.7
   Compiling yoke-derive v0.8.2
   Compiling zerovec-derive v0.11.3
    Checking zerofrom v0.1.8
    Checking yoke v0.8.3
   Compiling displaydoc v0.2.6
   Compiling tokio-macros v2.7.0
    Checking zerovec v0.11.6
    Checking tokio v1.52.3
    Checking tinystr v0.8.3
    Checking icu_locale_core v2.2.0
    Checking potential_utf v0.1.5
    Checking zerotrie v0.2.4
    Checking icu_provider v2.2.0
    Checking icu_collections v2.2.0
    Checking http v1.4.2
    Checking percent-encoding v2.3.2
    Checking zeroize v1.9.0
   Compiling version_check v0.9.5
   Compiling generic-array v0.14.7
    Checking http-body v1.0.1
    Checking rustls-pki-types v1.14.1
   Compiling futures-macro v0.3.32
    Checking getrandom v0.2.17
    Checking futures-task v0.3.32
   Compiling httparse v1.10.1
    Checking slab v0.4.12
   Compiling serde v1.0.228
    Checking untrusted v0.9.0
    Checking bitflags v2.13.0
    Checking futures-util v0.3.32
    Checking icu_normalizer v2.2.0
    Checking icu_properties v2.2.0
   Compiling serde_derive v1.0.228
    Checking tower-service v0.3.3
   Compiling getrandom v0.3.4
   Compiling rustls v0.23.41
    Checking try-lock v0.2.5
    Checking typenum v1.20.1
    Checking want v0.3.1
    Checking idna_adapter v1.2.2
    Checking rustls-webpki v0.103.13
    Checking form_urlencoded v1.2.2
   Compiling tracing-attributes v0.1.31
    Checking tracing-core v0.1.36
    Checking futures-channel v0.3.32
    Checking subtle v2.6.1
    Checking atomic-waker v1.1.2
   Compiling zmij v1.0.21
    Checking hyper v1.10.1
    Checking tracing v0.1.44
    Checking idna v1.1.0
    Checking sync_wrapper v1.0.2
   Compiling getrandom v0.4.3
