=== Wed Jun 24 16:30:44 UTC 2026 remote test ce-pubsub ===
rustc 1.96.0 (ac68faa20 2026-05-25)
    Finished `test` profile [unoptimized + debuginfo] target(s) in 0.53s
     Running unittests src/lib.rs (/opt/build/target-ce-pubsub/debug/deps/ce_pubsub-1693b60492459786)

running 65 tests
test caps::tests::inspect_reports_scope_and_abilities ... ok
test caps::tests::link_rejects_out_of_scope_topic ... ok
test caps::tests::link_rejects_expired ... ok
test caps::tests::link_rejects_wrong_ability ... ok
test caps::tests::mint_and_verify_publish_link ... ok
test caps::tests::topic_allows_prefix ... ok
test dedup::tests::fifo_eviction_keeps_recent_drops_oldest ... ok
test dedup::tests::insert_and_get ... ok
test dedup::tests::reinsert_updates_in_place ... ok
test dedup::tests::retry_within_window_is_deduped_not_lost ... ok
test dedup::tests::token_set_dedups_within_ttl ... ok
test dedup::tests::token_set_evicts_oldest_at_capacity ... ok
test dedup::tests::ttl_expiry_drops_stale ... ok
test dedup::tests::zero_ttl_never_expires ... ok
test log::tests::append_assigns_monotonic_cursors ... ok
test log::tests::append_restamps_cursor_to_preserve_invariant ... ok
test log::tests::get_indexes_by_absolute_cursor_after_prune ... ok
test log::tests::prune_advances_floor_and_keeps_cursors_absolute ... ok
test log::tests::since_returns_strict_tail ... ok
test log::tests::snapshot_plus_tail_equals_full_replay ... ok
test message::tests::attribute_bounds_enforced ... ok
test caps::tests::revocation_kills_link ... ok
test message::tests::attribute_filter_matches_exact ... ok
test message::tests::attribute_filter_parse ... ok
test message::tests::dead_letter_name ... ok
test message::tests::mesh_names_are_namespaced_and_distinct ... ok
test message::tests::message_builders_set_fields ... ok
test message::tests::message_roundtrips_payload ... ok
test message::tests::message_serde_roundtrips ... ok
test message::tests::payload_size_limit_enforced ... ok
test message::tests::message_with_attributes_serde_roundtrips ... ok
test message::tests::publish_options_builder_and_validate ... ok
test message::tests::validate_topic_accepts_reasonable_names ... ok
test message::tests::validate_topic_rejects_bad_names ... ok
test protocol::tests::control_reply_roundtrips ... ok
test protocol::tests::control_request_rejects_oversize_body ... ok
test protocol::tests::control_request_roundtrips_all_variants ... ok
test protocol::tests::grant_accessor_covers_every_variant ... ok
test protocol::tests::ingest_reply_roundtrips ... ok
test protocol::tests::ingest_request_rejects_long_idempotency_key ... ok
test protocol::tests::ingest_request_decode_hex_roundtrips_and_bounds ... ok
test protocol::tests::ingest_request_roundtrips ... ok
test subscription::tests::ack_is_idempotent ... ok
test subscription::tests::capacity_guard ... ok
test subscription::tests::create_is_idempotent_and_preserves_progress ... ok
test subscription::tests::dead_letter_does_not_stall_following_messages ... ok
test subscription::tests::delete_removes_subscription ... ok
test subscription::tests::expired_lease_is_redelivered_with_incremented_attempt ... ok
test subscription::tests::floor_bridges_retention_so_subscription_does_not_stall ... ok
test subscription::tests::floor_skips_pruned_cursors ... ok
test subscription::tests::lease_then_ack_advances_floor ... ok
test subscription::tests::max_lease_batch_caps_response ... ok
test subscription::tests::nack_makes_redeliverable_immediately ... ok
test subscription::tests::out_of_order_ack_advances_floor_only_when_contiguous ... ok
test subscription::tests::out_of_order_acked_cursor_is_not_redelivered ... ok
test subscription::tests::poison_message_is_dead_lettered_and_floor_advances ... ok
test subscription::tests::policy_validation ... ok
test subscription::tests::snapshot_roundtrip ... ok
test subscription::tests::zero_max_attempts_never_dead_letters ... ok
test tests::ingest_reply_roundtrips ... ok
test tests::ingest_request_roundtrips ... ok
test tests::parse_node_id_validates_length ... ok
test tests::replay_exposes_messages_and_pagination ... ok
test tests::replay_reports_incomplete_when_not_converged ... ok
test protocol::tests::ingest_request_rejects_oversize_hex ... ok

test result: ok. 65 passed; 0 failed; 0 ignored; 0 measured; 0 filtered out; finished in 0.86s

     Running unittests src/main.rs (/opt/build/target-ce-pubsub/debug/deps/ce_pubsub-4eebbb4c58ba8d47)

running 0 tests

test result: ok. 0 passed; 0 failed; 0 ignored; 0 measured; 0 filtered out; finished in 0.00s

     Running tests/edge_cases.rs (/opt/build/target-ce-pubsub/debug/deps/edge_cases-a0b34dd5b94b4043)

running 17 tests
test empty_log_cursor_state ... ok
test idempotency_cache_dedups_recent_after_eviction_pressure ... ok
test inspect_garbage_tokens_error_not_panic ... ok
test mesh_names_are_distinct_and_namespaced ... ok
test message_empty_payload_roundtrips ... ok
test message_lossy_utf8_text ... ok
test message_with_corrupt_hex_payload_decodes_to_error_not_panic ... ok
test multi_hop_chain_rejects_wrong_audience_at_leaf ... ok
test empty_scope_link_covers_any_topic ... ok
test multi_hop_path_attenuation_narrows_on_slash_boundary ... ok
test prune_beyond_high_drops_all ... ok
test prune_to_zero_is_noop ... ok
test token_set_dedups_across_capacity_and_ttl ... ok
test topic_charset_boundaries ... ok
test topic_length_boundary ... ok
test verify_garbage_token_errors ... ok
test multi_hop_same_scope_delegation_verifies ... ok

test result: ok. 17 passed; 0 failed; 0 ignored; 0 measured; 0 filtered out; finished in 0.18s

     Running tests/live.rs (/opt/build/target-ce-pubsub/debug/deps/live-e03087bdd23b770c)

running 3 tests
test live_durable_replay_from_cursor ... ok
test live_capability_publish_gating ... ok
test live_fanout_owner_to_subscriber ... ok

test result: ok. 3 passed; 0 failed; 0 ignored; 0 measured; 0 filtered out; finished in 0.01s

     Running tests/prop_pubsub.rs (/opt/build/target-ce-pubsub/debug/deps/prop_pubsub-3f57d8e528409775)

running 8 tests
test inspect_garbage_never_panics ... ok
test log_cursor_algebra_holds ... ok
test message_serde_roundtrips_binary ... ok
test link_verify_is_sound ... ok
test snapshot_plus_tail_equals_full ... ok
test topic_allows_is_prefix_match ... ok
test validate_topic_never_panics_and_is_exact ... ok
test only_audience_may_use_bound_link ... ok

test result: ok. 8 passed; 0 failed; 0 ignored; 0 measured; 0 filtered out; finished in 4.71s

     Running tests/prop_subscription.rs (/opt/build/target-ce-pubsub/debug/deps/prop_subscription-d68bb570bd16997e)

running 5 tests
test dead_letter_fires_once_at_threshold ... ok
test acking_all_in_order_reaches_high ... ok
test out_of_order_acks_track_contiguous_prefix ... ok
test lease_ack_invariants_hold ... ok
test snapshot_roundtrips ... ok

test result: ok. 5 passed; 0 failed; 0 ignored; 0 measured; 0 filtered out; finished in 0.07s

   Doc-tests ce_pubsub

running 1 test
test src/lib.rs - (line 51) - compile ... ok

test result: ok. 1 passed; 0 failed; 0 ignored; 0 measured; 0 filtered out; finished in 0.00s

all doctests ran in 1.58s; merged doctests compilation took 1.57s
