=== Thu Jun 25 16:20:05 UTC 2026 remote test ce-registry ===
rustc 1.96.0 (ac68faa20 2026-05-25)
    Updating crates.io index
    Updating git repository `https://github.com/ce-net/ce-rs`
     Locking 214 packages to latest Rust 1.96.0 compatible versions
      Adding generic-array v0.14.7 (available: v0.14.9)
   Compiling proc-macro2 v1.0.106
   Compiling quote v1.0.46
   Compiling unicode-ident v1.0.24
   Compiling libc v0.2.186
   Compiling syn v2.0.118
    Checking cfg-if v1.0.4
    Checking stable_deref_trait v1.2.1
    Checking bytes v1.12.0
    Checking pin-project-lite v0.2.17
    Checking futures-core v0.3.32
   Compiling shlex v2.0.1
    Checking itoa v1.0.18
    Checking once_cell v1.21.4
   Compiling find-msvc-tools v0.1.9
   Compiling cc v1.2.65
    Checking socket2 v0.6.4
    Checking mio v1.2.1
    Checking writeable v0.6.3
    Checking smallvec v1.15.2
   Compiling synstructure v0.13.2
    Checking litemap v0.8.2
   Compiling ring v0.17.14
   Compiling icu_properties_data v2.2.0
   Compiling icu_normalizer_data v2.2.0
    Checking utf8_iter v1.0.4
   Compiling zerofrom-derive v0.1.7
   Compiling yoke-derive v0.8.2
   Compiling zerovec-derive v0.11.3
    Checking zerofrom v0.1.8
    Checking yoke v0.8.3
   Compiling displaydoc v0.2.6
   Compiling tokio-macros v2.7.0
    Checking zerovec v0.11.6
    Checking tinystr v0.8.3
    Checking tokio v1.52.3
    Checking icu_locale_core v2.2.0
    Checking potential_utf v0.1.5
    Checking zerotrie v0.2.4
   Compiling serde_core v1.0.228
    Checking icu_provider v2.2.0
    Checking icu_collections v2.2.0
    Checking http v1.4.2
    Checking percent-encoding v2.3.2
   Compiling version_check v0.9.5
    Checking zeroize v1.9.0
    Checking http-body v1.0.1
    Checking rustls-pki-types v1.14.1
   Compiling generic-array v0.14.7
   Compiling futures-macro v0.3.32
    Checking getrandom v0.2.17
   Compiling serde v1.0.228
    Checking futures-task v0.3.32
    Checking slab v0.4.12
   Compiling httparse v1.10.1
    Checking untrusted v0.9.0
    Checking bitflags v2.13.0
    Checking futures-util v0.3.32
    Checking icu_properties v2.2.0
    Checking icu_normalizer v2.2.0
   Compiling serde_derive v1.0.228
   Compiling rustls v0.23.41
    Checking typenum v1.20.1
    Checking try-lock v0.2.5
    Checking tower-service v0.3.3
    Checking want v0.3.1
    Checking idna_adapter v1.2.2
    Checking rustls-webpki v0.103.13
    Checking form_urlencoded v1.2.2
   Compiling tracing-attributes v0.1.31
    Checking tracing-core v0.1.36
    Checking futures-channel v0.3.32
   Compiling zmij v1.0.21
    Checking subtle v2.6.1
    Checking atomic-waker v1.1.2
    Checking hyper v1.10.1
    Checking tracing v0.1.44
    Checking idna v1.1.0
    Checking sync_wrapper v1.0.2
   Compiling serde_json v1.0.150
    Checking ipnet v2.12.0
   Compiling getrandom v0.3.4
    Checking base64 v0.22.1
    Checking tower-layer v0.3.3
    Checking tower v0.5.3
    Checking hyper-util v0.1.20
    Checking tokio-rustls v0.26.4
    Checking url v2.5.8
    Checking crypto-common v0.1.7
    Checking block-buffer v0.10.4
    Checking webpki-roots v1.0.8
    Checking option-ext v0.2.0
    Checking utf8parse v0.2.2
    Checking ryu v1.0.23
    Checking memchr v2.8.2
   Compiling anyhow v1.0.102
    Checking futures-sink v0.3.32
    Checking tokio-util v0.7.18
    Checking serde_urlencoded v0.7.1
    Checking anstyle-parse v1.0.0
    Checking dirs-sys v0.4.1
    Checking hyper-rustls v0.27.9
    Checking digest v0.10.7
    Checking tower-http v0.6.11
    Checking http-body-util v0.1.3
    Checking cpufeatures v0.2.17
   Compiling rustix v1.1.4
    Checking log v0.4.33
   Compiling zerocopy v0.8.52
    Checking is_terminal_polyfill v1.70.2
   Compiling getrandom v0.4.3
    Checking colorchoice v1.0.5
    Checking anstyle v1.0.14
    Checking anstyle-query v1.1.5
    Checking anstream v1.0.0
    Checking reqwest v0.12.28
    Checking sha2 v0.10.9
    Checking rand_core v0.9.5
    Checking directories v5.0.1
    Checking clap_lex v1.1.0
    Checking linux-raw-sys v0.12.1
    Checking strsim v0.11.1
   Compiling autocfg v1.5.1
    Checking hex v0.4.3
   Compiling heck v0.5.0
   Compiling num-traits v0.2.19
   Compiling clap_derive v4.6.1
    Checking clap_builder v4.6.0
    Checking fastrand v2.4.1
    Checking tempfile v3.27.0
    Checking clap v4.6.1
    Checking ce-rs v0.1.0 (https://github.com/ce-net/ce-rs#def3770e)
    Checking bincode v1.3.3
    Checking wait-timeout v0.2.1
    Checking bit-vec v0.8.0
    Checking fnv v1.0.7
    Checking quick-error v1.2.3
    Checking rusty-fork v0.3.1
    Checking bit-set v0.8.0
    Checking ppv-lite86 v0.2.21
    Checking ce-scale-types v0.1.0 (/opt/build/ce-scale-types)
    Checking ce-coord v0.1.0 (/opt/build/ce-coord)
    Checking rand_chacha v0.9.0
    Checking ce-rs v0.1.0 (/opt/build/ce-rs)
    Checking rand_xorshift v0.4.0
    Checking rand v0.9.4
    Checking regex-syntax v0.8.11
    Checking unarray v0.1.4
    Checking ce-registry v0.1.0 (/opt/build/ce-registry)
warning: unused import: `anyhow`
  --> src/lib.rs:66:22
   |
66 | use anyhow::{Result, anyhow};
   |                      ^^^^^^
   |
   = note: `#[warn(unused_imports)]` (part of `#[warn(unused)]`) on by default

error[E0624]: method `client` is private
   --> src/lib.rs:192:42
    |
192 |         if let Err(e) = self.inner.coord.client().advertise_service(&service).await {
    |                                          ^^^^^^ private method
    |
   ::: /opt/build/ce-coord/src/lib.rs:114:5
    |
114 |     pub(crate) fn client(&self) -> &CeClient {
    |     ---------------------------------------- private method defined here

error[E0624]: method `client` is private
   --> src/lib.rs:202:35
    |
202 |         let ce = self.inner.coord.client().clone();
    |                                   ^^^^^^ private method
    |
   ::: /opt/build/ce-coord/src/lib.rs:114:5
    |
114 |     pub(crate) fn client(&self) -> &CeClient {
    |     ---------------------------------------- private method defined here

error[E0624]: method `client` is private
   --> src/lib.rs:318:35
    |
318 |         let ce = self.inner.coord.client();
    |                                   ^^^^^^ private method
    |
   ::: /opt/build/ce-coord/src/lib.rs:114:5
    |
114 |     pub(crate) fn client(&self) -> &CeClient {
    |     ---------------------------------------- private method defined here

error[E0624]: method `client` is private
   --> src/lib.rs:399:43
    |
399 |                 let ce = self.inner.coord.client();
    |                                           ^^^^^^ private method
    |
   ::: /opt/build/ce-coord/src/lib.rs:114:5
    |
114 |     pub(crate) fn client(&self) -> &CeClient {
    |     ---------------------------------------- private method defined here

For more information about this error, try `rustc --explain E0624`.
warning: `ce-registry` (lib) generated 1 warning
error: could not compile `ce-registry` (lib) due to 4 previous errors; 1 warning emitted
warning: build failed, waiting for other jobs to finish...
=== Thu Jun 25 16:20:44 UTC 2026 remote test ce-registry ===
rustc 1.96.0 (ac68faa20 2026-05-25)
    Checking proptest v1.11.0
    Checking ce-registry v0.1.0 (/opt/build/ce-registry)
warning: unused import: `anyhow`
  --> src/lib.rs:66:22
   |
66 | use anyhow::{Result, anyhow};
   |                      ^^^^^^
   |
   = note: `#[warn(unused_imports)]` (part of `#[warn(unused)]`) on by default

error[E0624]: method `client` is private
   --> src/lib.rs:192:42
    |
192 |         if let Err(e) = self.inner.coord.client().advertise_service(&service).await {
    |                                          ^^^^^^ private method
    |
   ::: /opt/build/ce-coord/src/lib.rs:114:5
    |
114 |     pub(crate) fn client(&self) -> &CeClient {
    |     ---------------------------------------- private method defined here

error[E0624]: method `client` is private
   --> src/lib.rs:202:35
    |
202 |         let ce = self.inner.coord.client().clone();
    |                                   ^^^^^^ private method
    |
   ::: /opt/build/ce-coord/src/lib.rs:114:5
    |
114 |     pub(crate) fn client(&self) -> &CeClient {
    |     ---------------------------------------- private method defined here

error[E0624]: method `client` is private
   --> src/lib.rs:318:35
    |
318 |         let ce = self.inner.coord.client();
    |                                   ^^^^^^ private method
    |
   ::: /opt/build/ce-coord/src/lib.rs:114:5
    |
114 |     pub(crate) fn client(&self) -> &CeClient {
    |     ---------------------------------------- private method defined here

error[E0624]: method `client` is private
   --> src/lib.rs:399:43
    |
399 |                 let ce = self.inner.coord.client();
    |                                           ^^^^^^ private method
    |
   ::: /opt/build/ce-coord/src/lib.rs:114:5
    |
114 |     pub(crate) fn client(&self) -> &CeClient {
    |     ---------------------------------------- private method defined here

For more information about this error, try `rustc --explain E0624`.
warning: `ce-registry` (lib) generated 1 warning
error: could not compile `ce-registry` (lib) due to 4 previous errors; 1 warning emitted
warning: build failed, waiting for other jobs to finish...
=== Thu Jun 25 16:20:57 UTC 2026 remote test ce-registry ===
rustc 1.96.0 (ac68faa20 2026-05-25)
    Checking ce-registry v0.1.0 (/opt/build/ce-registry)
warning: unused import: `anyhow`
  --> src/lib.rs:66:22
   |
66 | use anyhow::{Result, anyhow};
   |                      ^^^^^^
   |
   = note: `#[warn(unused_imports)]` (part of `#[warn(unused)]`) on by default

error[E0624]: method `client` is private
   --> src/lib.rs:192:42
    |
192 |         if let Err(e) = self.inner.coord.client().advertise_service(&service).await {
    |                                          ^^^^^^ private method
    |
   ::: /opt/build/ce-coord/src/lib.rs:114:5
    |
114 |     pub(crate) fn client(&self) -> &CeClient {
    |     ---------------------------------------- private method defined here

error[E0624]: method `client` is private
   --> src/lib.rs:202:35
    |
202 |         let ce = self.inner.coord.client().clone();
    |                                   ^^^^^^ private method
    |
   ::: /opt/build/ce-coord/src/lib.rs:114:5
    |
114 |     pub(crate) fn client(&self) -> &CeClient {
    |     ---------------------------------------- private method defined here

error[E0624]: method `client` is private
   --> src/lib.rs:318:35
    |
318 |         let ce = self.inner.coord.client();
    |                                   ^^^^^^ private method
    |
   ::: /opt/build/ce-coord/src/lib.rs:114:5
    |
114 |     pub(crate) fn client(&self) -> &CeClient {
    |     ---------------------------------------- private method defined here

error[E0624]: method `client` is private
   --> src/lib.rs:399:43
    |
399 |                 let ce = self.inner.coord.client();
    |                                           ^^^^^^ private method
    |
   ::: /opt/build/ce-coord/src/lib.rs:114:5
    |
114 |     pub(crate) fn client(&self) -> &CeClient {
    |     ---------------------------------------- private method defined here

For more information about this error, try `rustc --explain E0624`.
warning: `ce-registry` (lib) generated 1 warning (1 duplicate)
error: could not compile `ce-registry` (lib) due to 4 previous errors; 1 warning emitted
warning: build failed, waiting for other jobs to finish...
warning: `ce-registry` (lib test) generated 1 warning
error: could not compile `ce-registry` (lib test) due to 4 previous errors; 1 warning emitted
=== Thu Jun 25 16:21:19 UTC 2026 remote test ce-registry ===
rustc 1.96.0 (ac68faa20 2026-05-25)
    Checking ce-registry v0.1.0 (/opt/build/ce-registry)
warning: unused import: `anyhow`
  --> src/lib.rs:66:22
   |
66 | use anyhow::{Result, anyhow};
   |                      ^^^^^^
   |
   = note: `#[warn(unused_imports)]` (part of `#[warn(unused)]`) on by default

error[E0624]: method `client` is private
   --> src/lib.rs:192:42
    |
192 |         if let Err(e) = self.inner.coord.client().advertise_service(&service).await {
    |                                          ^^^^^^ private method
    |
   ::: /opt/build/ce-coord/src/lib.rs:114:5
    |
114 |     pub(crate) fn client(&self) -> &CeClient {
    |     ---------------------------------------- private method defined here

error[E0624]: method `client` is private
   --> src/lib.rs:202:35
    |
202 |         let ce = self.inner.coord.client().clone();
    |                                   ^^^^^^ private method
    |
   ::: /opt/build/ce-coord/src/lib.rs:114:5
    |
114 |     pub(crate) fn client(&self) -> &CeClient {
    |     ---------------------------------------- private method defined here

error[E0624]: method `client` is private
   --> src/lib.rs:318:35
    |
318 |         let ce = self.inner.coord.client();
    |                                   ^^^^^^ private method
    |
   ::: /opt/build/ce-coord/src/lib.rs:114:5
    |
114 |     pub(crate) fn client(&self) -> &CeClient {
    |     ---------------------------------------- private method defined here

error[E0624]: method `client` is private
   --> src/lib.rs:399:43
    |
399 |                 let ce = self.inner.coord.client();
    |                                           ^^^^^^ private method
    |
   ::: /opt/build/ce-coord/src/lib.rs:114:5
    |
114 |     pub(crate) fn client(&self) -> &CeClient {
    |     ---------------------------------------- private method defined here

For more information about this error, try `rustc --explain E0624`.
warning: `ce-registry` (lib) generated 1 warning
error: could not compile `ce-registry` (lib) due to 4 previous errors; 1 warning emitted
warning: build failed, waiting for other jobs to finish...
warning: `ce-registry` (lib test) generated 1 warning (1 duplicate)
error: could not compile `ce-registry` (lib test) due to 4 previous errors; 1 warning emitted
=== Thu Jun 25 16:21:58 UTC 2026 remote test ce-registry ===
rustc 1.96.0 (ac68faa20 2026-05-25)
    Checking ce-registry v0.1.0 (/opt/build/ce-registry)
warning: unused import: `anyhow`
  --> src/lib.rs:66:22
   |
66 | use anyhow::{Result, anyhow};
   |                      ^^^^^^
   |
   = note: `#[warn(unused_imports)]` (part of `#[warn(unused)]`) on by default

error[E0624]: method `client` is private
   --> src/lib.rs:192:42
    |
192 |         if let Err(e) = self.inner.coord.client().advertise_service(&service).await {
    |                                          ^^^^^^ private method
    |
   ::: /opt/build/ce-coord/src/lib.rs:114:5
    |
114 |     pub(crate) fn client(&self) -> &CeClient {
    |     ---------------------------------------- private method defined here

error[E0624]: method `client` is private
   --> src/lib.rs:202:35
    |
202 |         let ce = self.inner.coord.client().clone();
    |                                   ^^^^^^ private method
    |
   ::: /opt/build/ce-coord/src/lib.rs:114:5
    |
114 |     pub(crate) fn client(&self) -> &CeClient {
    |     ---------------------------------------- private method defined here

error[E0624]: method `client` is private
   --> src/lib.rs:318:35
    |
318 |         let ce = self.inner.coord.client();
    |                                   ^^^^^^ private method
    |
   ::: /opt/build/ce-coord/src/lib.rs:114:5
    |
114 |     pub(crate) fn client(&self) -> &CeClient {
    |     ---------------------------------------- private method defined here

error[E0624]: method `client` is private
   --> src/lib.rs:399:43
    |
399 |                 let ce = self.inner.coord.client();
    |                                           ^^^^^^ private method
    |
   ::: /opt/build/ce-coord/src/lib.rs:114:5
    |
114 |     pub(crate) fn client(&self) -> &CeClient {
    |     ---------------------------------------- private method defined here

For more information about this error, try `rustc --explain E0624`.
warning: `ce-registry` (lib) generated 1 warning
error: could not compile `ce-registry` (lib) due to 4 previous errors; 1 warning emitted
warning: build failed, waiting for other jobs to finish...
warning: `ce-registry` (lib test) generated 1 warning (1 duplicate)
error: could not compile `ce-registry` (lib test) due to 4 previous errors; 1 warning emitted
