=== Sun Jul 26 12:34:39 UTC 2026 remote build ce ===
rustc 1.97.1 (8bab26f4f 2026-07-14)
    Updating git repository `https://github.com/ce-net/ce-chain`
     Locking 1 package to latest compatible version
      Adding ce-chain v0.1.0 (https://github.com/ce-net/ce-chain#c47368f0)
   Compiling proc-macro2 v1.0.106
   Compiling unicode-ident v1.0.24
   Compiling quote v1.0.45
   Compiling syn v2.0.117
   Compiling libc v0.2.186
   Compiling cfg-if v1.0.4
   Compiling serde_derive v1.0.228
   Compiling serde_core v1.0.228
   Compiling serde v1.0.228
   Compiling memchr v2.8.0
   Compiling log v0.4.29
   Compiling getrandom v0.2.17
   Compiling version_check v0.9.5
   Compiling pin-project-lite v0.2.17
   Compiling smallvec v1.15.1
   Compiling generic-array v0.14.7
   Compiling once_cell v1.21.4
   Compiling typenum v1.20.0
   Compiling rand_core v0.6.4
   Compiling futures-core v0.3.32
   Compiling subtle v2.6.1
   Compiling futures-io v0.3.32
   Compiling bytes v1.11.1
   Compiling slab v0.4.12
   Compiling futures-sink v0.3.32
   Compiling futures-channel v0.3.32
   Compiling crypto-common v0.1.7
   Compiling block-buffer v0.10.4
   Compiling futures-macro v0.3.32
   Compiling futures-task v0.3.32
   Compiling futures-util v0.3.32
   Compiling cpufeatures v0.2.17
   Compiling parking_lot_core v0.9.12
   Compiling synstructure v0.13.2
   Compiling scopeguard v1.2.0
   Compiling lock_api v0.4.14
   Compiling parking_lot v0.12.5
   Compiling digest v0.10.7
   Compiling tracing-core v0.1.36
   Compiling semver v1.0.28
   Compiling equivalent v1.0.2
   Compiling jobserver v0.1.34
   Compiling thiserror-impl v2.0.18
   Compiling tracing-attributes v0.1.31
   Compiling shlex v1.3.0
   Compiling foldhash v0.2.0
   Compiling find-msvc-tools v0.1.9
   Compiling cc v1.2.62
   Compiling tracing v0.1.44
   Compiling zeroize_derive v1.4.3
   Compiling zerocopy v0.8.48
   Compiling zeroize v1.8.2
   Compiling zerofrom-derive v0.1.7
   Compiling displaydoc v0.2.5
   Compiling fnv v1.0.7
   Compiling zerofrom v0.1.8
   Compiling yoke-derive v0.8.2
   Compiling stable_deref_trait v1.2.1
   Compiling thiserror v2.0.18
   Compiling yoke v0.8.2
   Compiling sha2 v0.10.9
   Compiling socket2 v0.6.3
   Compiling errno v0.3.14
   Compiling signal-hook-registry v1.4.8
   Compiling mio v1.2.0
   Compiling tokio-macros v2.7.0
   Compiling zerovec-derive v0.11.3
   Compiling zerovec v0.11.6
   Compiling tokio v1.52.3
   Compiling ppv-lite86 v0.2.21
   Compiling thiserror v1.0.69
   Compiling thiserror-impl v1.0.69
   Compiling itoa v1.0.18
   Compiling tinystr v0.8.3
   Compiling rustc_version v0.4.1
   Compiling litemap v0.8.2
   Compiling writeable v0.6.3
   Compiling percent-encoding v2.3.2
   Compiling icu_locale_core v2.2.0
   Compiling potential_utf v0.1.5
   Compiling zerotrie v0.2.4
   Compiling icu_properties_data v2.2.0
   Compiling heck v0.5.0
   Compiling icu_normalizer_data v2.2.0
   Compiling utf8_iter v1.0.4
   Compiling icu_collections v2.2.0
   Compiling icu_provider v2.2.0
   Compiling anyhow v1.0.102
   Compiling bitflags v2.11.1
   Compiling rand_chacha v0.3.1
   Compiling futures-executor v0.3.32
   Compiling futures v0.3.32
   Compiling rand v0.8.6
   Compiling icu_normalizer v2.2.0
   Compiling icu_properties v2.2.0
   Compiling form_urlencoded v1.2.2
   Compiling curve25519-dalek v4.1.3
   Compiling idna_adapter v1.2.2
   Compiling curve25519-dalek-derive v0.1.1
   Compiling idna v1.1.0
   Compiling hashbrown v0.17.1
   Compiling signature v2.2.0
   Compiling ed25519 v2.2.3
   Compiling url v2.5.8
   Compiling ed25519-dalek v2.2.0
   Compiling allocator-api2 v0.2.21
   Compiling libm v0.2.16
   Compiling either v1.16.0
   Compiling data-encoding v2.11.0
   Compiling byteorder v1.5.0
   Compiling pin-project-internal v1.1.13
   Compiling static_assertions v1.1.0
   Compiling pin-project v1.1.13
   Compiling quick-protobuf v0.8.1
   Compiling unsigned-varint v0.8.0
   Compiling data-encoding-macro-internal v0.1.18
   Compiling indexmap v2.14.0
   Compiling hmac v0.12.1
   Compiling asynchronous-codec v0.6.2
   Compiling match-lookup v0.1.2
   Compiling const-str v0.4.3
   Compiling base256emoji v1.0.2
   Compiling unsigned-varint v0.7.2
   Compiling hkdf v0.12.4
   Compiling data-encoding-macro v0.1.20
   Compiling multihash v0.19.5
   Compiling futures-timer v3.0.4
   Compiling bs58 v0.5.1
   Compiling base-x v0.2.11
   Compiling multibase v0.9.2
   Compiling libp2p-identity v0.2.13
   Compiling web-time v1.1.0
   Compiling arrayref v0.3.9
   Compiling multiaddr v0.18.2
   Compiling multistream-select v0.13.0
   Compiling rw-stream-sink v0.4.0
   Compiling void v1.0.2
   Compiling ipnet v2.12.0
   Compiling libp2p-core v0.41.3
   Compiling autocfg v1.5.0
   Compiling wasmtime-internal-core v46.0.0
   Compiling async-trait v0.1.89
   Compiling cranelift-bitset v0.133.0
   Compiling ring v0.17.14
   Compiling rustix v1.1.4
   Compiling cmake v0.1.58
   Compiling zmij v1.0.21
   Compiling linux-raw-sys v0.12.1
   Compiling fs_extra v1.3.0
   Compiling dunce v1.0.5
   Compiling foldhash v0.1.5
   Compiling hashbrown v0.15.5
   Compiling aws-lc-sys v0.41.0
   Compiling base64 v0.22.1
   Compiling cfg_aliases v0.2.1
   Compiling cranelift-srcgen v0.133.0
   Compiling target-lexicon v0.13.5
   Compiling cranelift-assembler-x64-meta v0.133.0
   Compiling lru v0.12.5
   Compiling libp2p-swarm-derive v0.34.2
   Compiling instant v0.1.13
   Compiling untrusted v0.9.0
   Compiling rustc-hash v2.1.2
   Compiling libp2p-swarm v0.44.2
   Compiling pulley-macros v46.0.0
   Compiling httparse v1.10.1
   Compiling hex v0.4.3
   Compiling aws-lc-rs v1.17.0
   Compiling http v1.4.0
   Compiling rustls-pki-types v1.14.1
   Compiling cranelift-isle v0.133.0
   Compiling pulley-interpreter v46.0.0
   Compiling cranelift-entity v0.133.0
   Compiling cobs v0.3.0
   Compiling powerfmt v0.2.0
   Compiling time-core v0.1.8
   Compiling hashbrown v0.16.1
   Compiling num-conv v0.2.2
   Compiling cranelift-codegen-shared v0.133.0
   Compiling cranelift-codegen-meta v0.133.0
   Compiling time-macros v0.2.27
   Compiling gimli v0.33.0
   Compiling deranged v0.5.8
   Compiling postcard v1.1.3
   Compiling cranelift-bforest v0.133.0
   Compiling http-body v1.0.1
   Compiling cranelift-assembler-x64 v0.133.0
   Compiling num-traits v0.2.19
   Compiling getrandom v0.3.4
   Compiling crc32fast v1.5.0
   Compiling rustls v0.23.40
   Compiling paste v1.0.15
   Compiling wasmparser v0.251.0
   Compiling cranelift-codegen v0.133.0
   Compiling rustls-webpki v0.103.13
   Compiling time v0.3.47
   Compiling memoffset v0.9.1
   Compiling bumpalo v3.20.2
   Compiling wasmtime-internal-versioned-export-macros v46.0.0
   Compiling tower-service v0.3.3
   Compiling object v0.39.1
   Compiling io-lifetimes v2.0.4
   Compiling arbitrary v1.4.2
   Compiling vcpkg v0.2.15
   Compiling pkg-config v0.3.33
   Compiling openssl-sys v0.9.116
   Compiling cranelift-control v0.133.0
   Compiling regalloc2 v0.15.1
   Compiling nix v0.30.1
   Compiling tokio-util v0.7.18
   Compiling try-lock v0.2.5
   Compiling leb128fmt v0.1.0
   Compiling minimal-lexical v0.2.1
   Compiling atomic-waker v1.1.2
   Compiling tinyvec_macros v0.1.1
   Compiling termcolor v1.4.1
   Compiling wasmtime-internal-component-util v46.0.0
   Compiling serde_json v1.0.149
   Compiling wasmprinter v0.251.0
   Compiling tinyvec v1.11.0
   Compiling h2 v0.4.14
   Compiling nom v7.1.3
   Compiling wasm-encoder v0.251.0
   Compiling want v0.3.1
   Compiling netlink-packet-core v0.8.1
   Compiling rand_core v0.9.5
   Compiling futures-bounded v0.2.4
   Compiling httpdate v1.0.3
   Compiling io-extras v0.18.4
   Compiling hyper v1.9.0
   Compiling rand_chacha v0.9.0
   Compiling wasmtime-environ v46.0.0
   Compiling rusticata-macros v4.1.0
   Compiling http-body-util v0.1.3
   Compiling netlink-sys v0.8.8
   Compiling ring v0.16.20
   Compiling asn1-rs-derive v0.5.1
   Compiling asynchronous-codec v0.7.0
   Compiling socket2 v0.5.10
   Compiling asn1-rs-impl v0.2.0
   Compiling cap-primitives v3.4.5
   Compiling unicode-xid v0.2.6
   Compiling wasmtime-internal-unwinder v46.0.0
   Compiling id-arena v2.3.0
   Compiling wit-parser v0.251.0
   Compiling asn1-rs v0.6.2
   Compiling netlink-proto v0.12.0
   Compiling rand v0.9.4
   Compiling hyper-util v0.1.20
   Compiling fs-set-times v0.20.3
   Compiling netlink-packet-route v0.28.0
   Compiling num-integer v0.1.46
   Compiling wasmtime-internal-fiber v46.0.0
   Compiling ce-identity v0.1.0 (/opt/build/ce/crates/ce-identity)
   Compiling rustix-linux-procfs v0.1.1
   Compiling ahash v0.8.12
   Compiling aho-corasick v1.1.4
   Compiling bincode v1.3.3
   Compiling encoding_rs v0.8.35
   Compiling oid-registry v0.7.1
   Compiling untrusted v0.7.1
   Compiling wasmtime-internal-component-macro v46.0.0
   Compiling leb128 v0.2.6
   Compiling maybe-owned v0.3.4
   Compiling lazy_static v1.5.0
   Compiling spin v0.5.2
   Compiling wasmtime-internal-cranelift v46.0.0
   Compiling foreign-types-shared v0.1.1
   Compiling openssl v0.10.80
   Compiling ambient-authority v0.0.2
   Compiling regex-syntax v0.8.10
   Compiling regex-automata v0.4.14
   Compiling foreign-types v0.3.2
   Compiling wast v35.0.2
   Compiling num-bigint v0.4.6
   Compiling rtnetlink v0.20.0
   Compiling wasmtime-internal-wit-bindgen v46.0.0
   Compiling quick-protobuf-codec v0.3.1
   Compiling cranelift-native v0.133.0
   Compiling cranelift-frontend v0.133.0
   Compiling wasmtime v46.0.0
   Compiling yasna v0.5.2
   Compiling quinn-udp v0.5.14
   Compiling pem v3.0.6
   Compiling itertools v0.14.0
   Compiling enum-as-inner v0.6.1
   Compiling sync_wrapper v1.0.2
   Compiling openssl-macros v0.1.1
   Compiling cap-std v3.4.5
   Compiling ryu v1.0.23
   Compiling crunchy v0.2.4
   Compiling native-tls v0.2.18
   Compiling tower-layer v0.3.3
   Compiling serde_urlencoded v0.7.1
   Compiling hickory-proto v0.24.4
   Compiling rcgen v0.11.3
   Compiling if-watch v3.2.2
   Compiling der-parser v9.0.0
   Compiling witx v0.9.1
   Compiling futures-rustls v0.26.0
   Compiling quinn v0.11.9
   Compiling wasmtime-internal-jit-icache-coherence v46.0.0
   Compiling memfd v0.6.5
   Compiling snow v0.9.6
   Compiling nohash-hasher v0.2.0
   Compiling lru-slab v0.1.2
   Compiling wiggle-macro v46.0.0
   Compiling rand_core v0.10.1
   Compiling linked-hash-map v0.5.6
   Compiling openssl-probe v0.2.1
   Compiling prometheus-client v0.22.3
   Compiling getrandom v0.4.3
   Compiling lru-cache v0.1.2
   Compiling quinn-proto v0.11.14
   Compiling wiggle-generate v46.0.0
   Compiling x509-parser v0.16.0
   Compiling hashbrown v0.14.5
   Compiling tower v0.5.3
   Compiling rustls-webpki v0.101.7
   Compiling quick-protobuf-codec v0.2.0
   Compiling sha1 v0.10.6
   Compiling serde_spanned v0.6.9
   Compiling toml_datetime v0.6.11
   Compiling prometheus-client-derive-encode v0.4.2
   Compiling mime v0.3.17
   Compiling cpufeatures v0.3.0
   Compiling rustversion v1.0.22
   Compiling resolv-conf v0.7.6
   Compiling dtoa v1.0.11
   Compiling cap-fs-ext v3.4.5
   Compiling toml_write v0.1.2
   Compiling winnow v0.7.15
   Compiling toml_edit v0.22.27
   Compiling hickory-resolver v0.24.4
   Compiling chacha20 v0.10.0
   Compiling soketto v0.8.1
   Compiling libp2p-tls v0.4.1
   Compiling uint v0.9.5
   Compiling lru v0.11.1
   Compiling tokio-native-tls v0.3.1
   Compiling yamux v0.12.1
   Compiling yamux v0.13.10
   Compiling regex v1.12.3
   Compiling libp2p-request-response v0.26.3
   Compiling ce-runtime v0.1.0 (/opt/build/ce/crates/ce-runtime)
   Compiling futures-ticker v0.0.3
   Compiling x25519-dalek v2.0.1
   Compiling serde_with v3.20.0
   Compiling serde_repr v0.1.20
   Compiling utf8parse v0.2.2
   Compiling hex_fmt v0.3.0
   Compiling option-ext v0.2.0
   Compiling iana-time-zone v0.1.65
   Compiling base64 v0.21.7
   Compiling webpki-roots v0.25.4
   Compiling arrayvec v0.7.6
   Compiling libp2p-kad v0.45.3
   Compiling libp2p-websocket v0.43.2
   Compiling libp2p-gossipsub v0.46.1
   Compiling cap-time-ext v3.4.5
   Compiling dirs-sys v0.4.1
   Compiling anstyle-parse v1.0.0
   Compiling bollard-stubs v1.45.0-rc.26.0.1
   Compiling libp2p-noise v0.44.0
   Compiling libp2p-autonat v0.12.0
   Compiling libp2p-yamux v0.45.2
   Compiling rand v0.10.1
   Compiling hyper-tls v0.6.0
   Compiling wiggle v46.0.0
   Compiling libp2p-dcutr v0.11.0
   Compiling libp2p-quic v0.10.3
   Compiling libp2p-dns v0.41.1
   Compiling toml v0.8.23
   Compiling tower-http v0.6.11
   Compiling cap-net-ext v3.4.5
   Compiling wasmtime-wasi-io v46.0.0
   Compiling libp2p-mdns v0.45.1
   Compiling libp2p-tcp v0.41.0
   Compiling libp2p-relay v0.17.2
   Compiling libp2p-identify v0.44.2
   Compiling ce-cap v0.1.0 (/opt/build/ce/crates/ce-cap)
   Compiling hyperlocal v0.9.1
   Compiling libp2p-ping v0.44.1
   Compiling libp2p-connection-limits v0.3.1
   Compiling libp2p-allow-block-list v0.3.0
   Compiling xattr v1.6.1
   Compiling inout v0.1.4
   Compiling filetime v0.2.29
   Compiling colorchoice v1.0.5
   Compiling rlimit v0.10.2
   Compiling anstyle-query v1.1.5
   Compiling is_terminal_polyfill v1.70.2
   Compiling anstyle v1.0.14
   Compiling anstream v1.0.0
   Compiling tar v0.4.46
   Compiling cipher v0.4.4
   Compiling libp2p v0.53.2
   Compiling bollard v0.17.1
   Compiling wasmtime-wasi v46.0.0
   Compiling reqwest v0.12.28
   Compiling axum-core v0.4.5
   Compiling directories v5.0.1
   Compiling ce-protocol v0.1.0 (/opt/build/ce/crates/ce-protocol)
   Compiling ce-reqresp v0.26.3 (/opt/build/ce/crates/ce-reqresp)
   Compiling libp2p-stream v0.1.0-alpha
   Compiling serde_path_to_error v0.1.20
   Compiling universal-hash v0.5.1
   Compiling dirs-sys-next v0.1.2
   Compiling strsim v0.11.1
   Compiling opaque-debug v0.3.1
   Compiling matchit v0.7.3
   Compiling clap_lex v1.1.0
   Compiling clap_builder v4.6.0
   Compiling axum v0.7.9
   Compiling poly1305 v0.8.0
   Compiling dirs-next v2.0.0
   Compiling ce-mesh v0.1.0 (/opt/build/ce/crates/ce-mesh)
   Compiling ce-appmgr v0.1.0 (/opt/build/ce/crates/ce-appmgr)
   Compiling ce-wasm v0.1.0 (/opt/build/ce/crates/ce-wasm)
   Compiling ce-container v0.1.0 (/opt/build/ce/crates/ce-container)
   Compiling chacha20 v0.9.1
   Compiling ce-guard v0.1.0 (/opt/build/ce/crates/ce-guard)
   Compiling ce-microvm v0.1.0 (/opt/build/ce/crates/ce-microvm)
   Compiling ce-tls v0.1.0 (/opt/build/ce/crates/ce-tls)
   Compiling matchers v0.2.0
   Compiling sharded-slab v0.1.7
   Compiling ce-lane v0.1.0 (/opt/build/ce/crates/ce-lane)
warning: methods `slot_size` and `n_slots` are never used
   --> crates/ce-lane/src/ring.rs:141:12
    |
 97 | impl Ring {
    | --------- methods in this implementation
...
141 |     pub fn slot_size(&self) -> u32 {
    |            ^^^^^^^^^
...
145 |     pub fn n_slots(&self) -> u32 {
    |            ^^^^^^^
    |
    = note: `#[warn(dead_code)]` (part of `#[warn(unused)]`) on by default

warning: methods `is_empty` and `fd` are never used
  --> crates/ce-lane/src/shm.rs:86:12
   |
38 | impl ShmRegion {
   | -------------- methods in this implementation
...
86 |     pub fn is_empty(&self) -> bool {
   |            ^^^^^^^^
...
91 |     pub fn fd(&self) -> BorrowedFd<'_> {
   |            ^^

warning: `ce-lane` (lib) generated 2 warnings
   Compiling tokio-rustls v0.26.4
   Compiling ce-blob v0.1.0 (/opt/build/ce/crates/ce-blob)
   Compiling clap_derive v4.6.1
   Compiling tracing-log v0.2.0
   Compiling aead v0.5.2
   Compiling thread_local v1.1.9
   Compiling nu-ansi-term v0.50.3
   Compiling ce v0.1.32 (/opt/build/ce)
   Compiling tracing-subscriber v0.3.23
   Compiling chacha20poly1305 v0.10.1
   Compiling clap v4.6.1
   Compiling ce-node v0.1.0 (/opt/build/ce/crates/ce-node)
warning: unused import: `collections::HashMap`
  --> crates/ce-node/src/api.rs:30:5
   |
30 |     collections::HashMap,
   |     ^^^^^^^^^^^^^^^^^^^^
   |
   = note: `#[warn(unused_imports)]` (part of `#[warn(unused)]`) on by default

warning: unreachable expression
    --> crates/ce-node/src/api.rs:1832:5
     |
1776 | /     match tls_seed {
1777 | |         None => {
1778 | |             tracing::info!("API listening on http://{addr}");
1779 | |             loop {
...    |
1831 | |     }
     | |_____- any code following this `match` expression is unreachable, as all arms diverge
1832 |       Ok(())
     |       ^^^^^^ unreachable expression
     |
     = note: `#[warn(unreachable_code)]` (part of `#[warn(unused)]`) on by default

warning: type alias `DataServedLedger` is never used
   --> crates/ce-node/src/lib.rs:137:17
    |
137 | pub(crate) type DataServedLedger = Arc<Mutex<HashMap<[u8; 32], u128>>>;
    |                 ^^^^^^^^^^^^^^^^
    |
    = note: `#[warn(dead_code)]` (part of `#[warn(unused)]`) on by default

warning: `ce-node` (lib) generated 3 warnings (run `cargo fix --lib -p ce-node` to apply 1 suggestion)
    Finished `dev` profile [unoptimized + debuginfo] target(s) in 9m 40s
