could not acquire build lock
=== Thu Jun 25 12:47:08 UTC 2026 remote test game-poll ===
rustc 1.96.0 (ac68faa20 2026-05-25)
    Finished `dev` profile [unoptimized + debuginfo] target(s) in 0.23s
    Finished `test` profile [unoptimized + debuginfo] target(s) in 0.20s
     Running unittests src/lib.rs (/opt/build/target-game-poll/debug/deps/game_poll-007a7a6c1ecba63c)

running 53 tests
test ballot::tests::bad_option_is_rejected_and_mutates_nothing ... ok
test ballot::tests::first_vote_is_counted_once ... ok
test ballot::tests::leader_breaks_ties_by_lowest_index ... ok
test ballot::tests::many_identities_each_count_exactly_once ... ok
test ballot::tests::merge_sums_partials_slotwise ... ok
test ballot::tests::re_voting_the_same_option_is_a_noop ... ok
test ballot::tests::reduce_is_order_independent ... ok
test ballot::tests::seq_is_monotonic_across_voters_and_switches ... ok
test ballot::tests::switching_moves_the_single_vote_never_adds_one ... ok
test ballot::tests::withdraw_uncounts_a_voter ... ok
test consensus::tests::round_mismatch_does_not_verify ... ok
test consensus::tests::seal_roundtrips_and_tags ... ok
test consensus::tests::seal_verifies_only_the_sealed_result ... ok
test director::tests::snapshot_announce_roundtrips ... ok
test poll::tests::default_poll_has_four_options ... ok
test poll::tests::fingerprint_is_stable_and_sensitive ... ok
test reducer::tests::completeness_tracks_coverage ... ok
test reducer::tests::ingest_rejects_other_polls ... ok
test reducer::tests::latest_partial_per_shard_replaces_not_adds ... ok
test reducer::tests::reduce_is_order_independent ... ok
test reducer::tests::reduce_sums_partials_across_shards ... ok
test reducer::tests::stale_partial_is_ignored ... ok
test room::tests::apply_vote_uses_authenticated_identity ... ok
test room::tests::build_partial_reflects_authority ... ok
test room::tests::hello_and_withdraw_behaviour ... ok
test room::tests::hue_is_stable_and_bounded ... ok
test room::tests::topic_names_are_poll_and_shard_keyed ... ok
test shard::tests::a_voter_belongs_to_exactly_one_shard ... ok
test shard::tests::best_host_excludes_incapable_and_non_hosts ... ok
test shard::tests::best_host_prefers_low_latency_capable_node ... ok
test shard::tests::nearest_owner_picks_closest_then_falls_back ... ok
test shard::tests::rendezvous_is_deterministic_and_key_sensitive ... ok
test shard::tests::shard_is_minimally_disruptive_on_node_removal ... ok
test shard::tests::shard_name_roundtrips ... ok
test shard::tests::shards_spread_across_nodes ... ok
test shard::tests::voter_shard_is_stable_and_bounded ... ok
test shard::tests::voters_distribute_roughly_evenly ... ok
test shard::tests::voters_spread_across_shards ... ok
test snapshot::tests::restore_preserves_one_vote_per_identity_across_failover ... ok
test snapshot::tests::result_snapshot_is_canonical_and_digest_sensitive ... ok
test snapshot::tests::result_snapshot_roundtrips ... ok
test snapshot::tests::shard_capture_then_restore_is_faithful ... ok
test snapshot::tests::shard_decode_rejects_wrong_version ... ok
test snapshot::tests::shard_snapshot_bytes_are_stable ... ok
test tests::live_count_respects_window ... ok
test tests::now_ms_is_nonzero ... ok
test tests::reducer_config_defaults_are_sane ... ok
test tests::shard_config_defaults_are_sane ... ok
test wire::tests::client_msg_roundtrips_and_tags ... ok
test wire::tests::poll_result_roundtrips_with_optional_seal ... ok
test wire::tests::poll_result_tolerates_absent_seal_fields ... ok
test wire::tests::shard_partial_roundtrips_and_tags ... ok
test tests::sharded_map_reduce_matches_a_single_tally ... ok

test result: ok. 53 passed; 0 failed; 0 ignored; 0 measured; 0 filtered out; finished in 0.01s

     Running unittests src/main.rs (/opt/build/target-game-poll/debug/deps/game_poll-6e003ce40378614f)

running 0 tests

test result: ok. 0 passed; 0 failed; 0 ignored; 0 measured; 0 filtered out; finished in 0.00s

   Doc-tests game_poll

running 0 tests

test result: ok. 0 passed; 0 failed; 0 ignored; 0 measured; 0 filtered out; finished in 0.00s

