=== Thu Jun 25 13:01:19 UTC 2026 remote test game-wall ===
rustc 1.96.0 (ac68faa20 2026-05-25)
    Updating crates.io index
    Updating git repository `https://github.com/ce-net/ce-rs`
     Locking 205 packages to latest Rust 1.96.0 compatible versions
      Adding generic-array v0.14.7 (available: v0.14.9)
    Checking game-wall v0.1.0 (/opt/build/game-wall)
    Finished `dev` profile [unoptimized + debuginfo] target(s) in 2.22s
   Compiling game-wall v0.1.0 (/opt/build/game-wall)
    Finished `test` profile [unoptimized + debuginfo] target(s) in 1.29s
     Running unittests src/lib.rs (/opt/build/target-game-wall/debug/deps/game_wall-2566fd91bf478913)

running 46 tests
test consensus::tests::commit_is_canonical_and_orders_contributions ... ok
test consensus::tests::commit_is_reproducible_across_honest_hosts ... ok
test consensus::tests::digest_changes_when_a_message_is_edited ... ok
test consensus::tests::digest_changes_when_a_contribution_is_inflated ... ok
test consensus::tests::digest_changes_when_history_is_reordered ... ok
test consensus::tests::empty_room_seals ... ok
test consensus::tests::seal_roundtrips_and_tags ... ok
test consensus::tests::seal_verifies_only_the_sealed_commit ... ok
test coord::tests::log_name_is_room_keyed_and_distinct ... ok
test director::tests::seal_topic_is_room_scoped_and_stable ... ok
test director::tests::snapshot_service_is_distinct_from_owner_service ... ok
test log::tests::body_is_trimmed_before_storage ... ok
test log::tests::contributions_track_accepted_posts_only ... ok
test log::tests::exactly_once_dedups_same_identity_and_nonce ... ok
test log::tests::post_appends_and_assigns_monotonic_seq ... ok
test log::tests::name_is_clamped ... ok
test log::tests::rate_limit_blocks_a_second_post_from_the_same_identity ... ok
test log::tests::rejects_empty_and_too_long ... ok
test log::tests::rate_remaining_drains_with_the_authoritative_clock ... ok
test log::tests::ring_evicts_oldest_but_seq_keeps_growing ... ok
test log::tests::total_order_is_deterministic_across_replays ... ok
test room::tests::apply_post_uses_authenticated_identity ... ok
test room::tests::hue_is_stable_and_bounded ... ok
test room::tests::hello_and_bye_do_not_post ... ok
test room::tests::topic_names_are_room_keyed_and_distinct ... ok
test room::tests::snapshot_reflects_authority_and_total_order ... ok
test shard::tests::best_host_excludes_incapable_and_non_hosts ... ok
test shard::tests::best_host_prefers_low_latency_capable_node ... ok
test shard::tests::rendezvous_is_deterministic_and_key_sensitive ... ok
test shard::tests::nearest_owner_picks_closest_then_falls_back ... ok
test shard::tests::rooms_distribute_roughly_evenly ... ok
test shard::tests::rooms_spread_across_nodes ... ok
test shard::tests::shard_is_minimally_disruptive_on_node_removal ... ok
test shard::tests::shard_name_is_safe_and_disambiguates ... ok
test snapshot::tests::capture_then_restore_is_faithful ... ok
test snapshot::tests::decode_rejects_wrong_version ... ok
test snapshot::tests::encode_roundtrips_and_cid_is_stable ... ok
test snapshot::tests::exactly_once_survives_failover ... ok
test snapshot::tests::rate_limit_survives_failover ... ok
test snapshot::tests::restored_wall_continues_deterministically ... ok
test tests::default_config_is_sane ... ok
test tests::live_count_respects_liveness_window ... ok
test tests::now_ms_is_nonzero ... ok
test tests::topic_names_are_room_keyed ... ok
test wire::tests::client_msg_roundtrips_and_tags ... ok
test wire::tests::wall_state_roundtrips_and_tags ... ok

test result: ok. 46 passed; 0 failed; 0 ignored; 0 measured; 0 filtered out; finished in 0.01s

     Running unittests src/main.rs (/opt/build/target-game-wall/debug/deps/game_wall-a6e9073c4e965e26)

running 0 tests

test result: ok. 0 passed; 0 failed; 0 ignored; 0 measured; 0 filtered out; finished in 0.00s

   Doc-tests game_wall

running 0 tests

test result: ok. 0 passed; 0 failed; 0 ignored; 0 measured; 0 filtered out; finished in 0.00s

